Dec 03 00:00:01 home-server CRON[12360]: pam_unix(cron:session): session opened for user root(uid=0) by root(uid=0)
Dec 03 00:00:01 home-server CRON[12361]: (root) CMD (   PATH="$PATH:/usr/sbin:/usr/local/bin/" pihole flush once quiet)
Dec 03 00:00:01 home-server CRON[12360]: pam_unix(cron:session): session closed for user root
Dec 03 00:00:02 home-server systemd[1]: Starting dpkg-db-backup.service - Daily dpkg database backup service...
Dec 03 00:00:02 home-server systemd[1]: Starting sysstat-collect.service - system activity accounting tool...
Dec 03 00:00:02 home-server systemd[1]: Starting logrotate.service - Rotate log files...
Dec 03 00:00:02 home-server systemd[1]: sysstat-collect.service: Deactivated successfully.
Dec 03 00:00:02 home-server systemd[1]: Finished sysstat-collect.service - system activity accounting tool.
Dec 03 00:00:02 home-server systemd[1]: dpkg-db-backup.service: Deactivated successfully.
Dec 03 00:00:02 home-server systemd[1]: Finished dpkg-db-backup.service - Daily dpkg database backup service.
Dec 03 00:00:02 home-server systemd[1]: logrotate.service: Deactivated successfully.
Dec 03 00:00:02 home-server systemd[1]: Finished logrotate.service - Rotate log files.
Dec 03 00:00:05 home-server systemd[1]: run-docker-runtime\x2drunc-moby-b805a4d78003142a275c6f0796cbb24dfdb30de25bf4ea36742fdda13b8a1c56-runc.BspV4y.mount: Deactivated successfully.
Dec 03 00:00:12 home-server systemd[1]: run-docker-runtime\x2drunc-moby-5db57457be615c85da668ddc31488cfb486d7e2f9a6105c1525c57e3db648985-runc.wq5woQ.mount: Deactivated successfully.
Dec 03 00:00:15 home-server systemd[1]: run-docker-runtime\x2drunc-moby-b805a4d78003142a275c6f0796cbb24dfdb30de25bf4ea36742fdda13b8a1c56-runc.TpZTd3.mount: Deactivated successfully.
Dec 03 00:00:16 home-server systemd[1]: run-docker-runtime\x2drunc-moby-ff56075bddce5b08fca568e3ed97907549ea479a127b4f4e191f14a776304169-runc.ceHNLA.mount: Deactivated successfully.
Dec 03 00:00:48 home-server systemd[1]: Starting lighttpd-maint.service - lighttpd maintenance tasks...
Dec 03 00:00:48 home-server systemd[1]: lighttpd-maint.service: Deactivated successfully.
Dec 03 00:00:48 home-server systemd[1]: Finished lighttpd-maint.service - lighttpd maintenance tasks.
Dec 03 00:01:13 home-server kernel: workqueue: output_poll_execute hogged CPU for >10000us 4 times, consider switching to WQ_UNBOUND
Dec 03 00:01:58 home-server tailscaled[715]: portmapper: UPnP discovery response from 192.168.1.15, but gateway IP is 192.168.1.1
Dec 03 00:01:58 home-server tailscaled[715]: portmapper: UPnP discovery response from 192.168.1.15, but gateway IP is 192.168.1.1
Dec 03 00:01:58 home-server tailscaled[715]: portmapper: UPnP meta changed: [{Location:http://192.168.1.15:1902/gatedesc.xml Server:Linux/3.10.14, UPnP/1.0, Portable SDK for UPnP devices/1.6.19 USN:uuid:9f0865b3-f5da-4ad5-85b7-7404637fdf37::urn:schemas-upnp-org:device:InternetGatewayDevice:1} {Location:http://192.168.1.1:49152/rootDesc.xml Server:OS 1.0 UPnP/1.0 Realtek/V1.0 USN:uuid:11111111-0000-c0a8-0101-00064f123333::urn:schemas-upnp-org:device:InternetGatewayDevice:1}]
Dec 03 00:02:03 home-server tailscaled[715]: netcheck: DetectCaptivePortal(found=false)
Dec 03 00:02:56 home-server systemd[1]: run-docker-runtime\x2drunc-moby-cb1604e6f8e6f2f997f69adb48c54650af7d2b91e76ea73a1d70724e67fd951a-runc.jvVPZ1.mount: Deactivated successfully.
Dec 03 00:03:27 home-server systemd[1]: run-docker-runtime\x2drunc-moby-b805a4d78003142a275c6f0796cbb24dfdb30de25bf4ea36742fdda13b8a1c56-runc.vEm7dI.mount: Deactivated successfully.
Dec 03 00:05:01 home-server CRON[14821]: pam_unix(cron:session): session opened for user root(uid=0) by root(uid=0)
Dec 03 00:05:01 home-server CRON[14822]: (root) CMD (command -v debian-sa1 > /dev/null && debian-sa1 1 1)
Dec 03 00:05:01 home-server CRON[14821]: pam_unix(cron:session): session closed for user root
Dec 03 00:05:16 home-server systemd[1]: Starting fwupd-refresh.service - Refresh fwupd metadata and update motd...
Dec 03 00:05:16 home-server dbus-daemon[702]: [system] Activating via systemd: service name='org.freedesktop.fwupd' unit='fwupd.service' requested by ':1.39' (uid=989 pid=14903 comm="/usr/bin/fwupdmgr refresh" label="unconfined")
Dec 03 00:05:16 home-server systemd[1]: Starting fwupd.service - Firmware update daemon...
Dec 03 00:05:16 home-server dbus-daemon[702]: [system] Activating via systemd: service name='org.freedesktop.UPower' unit='upower.service' requested by ':1.40' (uid=0 pid=14909 comm="/usr/libexec/fwupd/fwupd" label="unconfined")
Dec 03 00:05:16 home-server systemd[1]: Starting upower.service - Daemon for power management...
Dec 03 00:05:16 home-server dbus-daemon[702]: [system] Successfully activated service 'org.freedesktop.UPower'
Dec 03 00:05:16 home-server systemd[1]: Started upower.service - Daemon for power management.
Dec 03 00:05:17 home-server fwupd[14909]: 00:05:17.997 FuPluginIntelMe      failed to get public key using /fpf/OemCred: generic failure [0xb]
Dec 03 00:05:18 home-server fwupd[14909]: 00:05:18.080 FuMain               Daemon ready for requests (locale en_US.UTF-8)
Dec 03 00:05:18 home-server dbus-daemon[702]: [system] Successfully activated service 'org.freedesktop.fwupd'
Dec 03 00:05:18 home-server systemd[1]: Started fwupd.service - Firmware update daemon.
Dec 03 00:05:18 home-server systemd[1]: fwupd-refresh.service: Deactivated successfully.
Dec 03 00:05:18 home-server systemd[1]: Finished fwupd-refresh.service - Refresh fwupd metadata and update motd.
Dec 03 00:05:59 home-server systemd[1]: run-docker-runtime\x2drunc-moby-cb1604e6f8e6f2f997f69adb48c54650af7d2b91e76ea73a1d70724e67fd951a-runc.2zVmvQ.mount: Deactivated successfully.
Dec 03 00:07:00 home-server systemd[1]: Starting sysstat-summary.service - Generate a daily summary of process accounting...
Dec 03 00:07:00 home-server systemd[1]: sysstat-summary.service: Deactivated successfully.
Dec 03 00:07:00 home-server systemd[1]: Finished sysstat-summary.service - Generate a daily summary of process accounting.
Dec 03 00:07:13 home-server tailscaled[715]: netcheck: DetectCaptivePortal(found=false)
Dec 03 00:09:01 home-server CRON[16740]: pam_unix(cron:session): session opened for user root(uid=0) by root(uid=0)
Dec 03 00:09:01 home-server CRON[16741]: (root) CMD (  [ -x /usr/lib/php/sessionclean ] && if [ ! -d /run/systemd/system ]; then /usr/lib/php/sessionclean; fi)
Dec 03 00:09:01 home-server CRON[16740]: pam_unix(cron:session): session closed for user root
Dec 03 00:09:01 home-server systemd[1]: Starting phpsessionclean.service - Clean php session files...
Dec 03 00:09:01 home-server systemd[1]: phpsessionclean.service: Deactivated successfully.
Dec 03 00:09:01 home-server systemd[1]: Finished phpsessionclean.service - Clean php session files.
Dec 03 00:09:02 home-server systemd[1]: run-docker-runtime\x2drunc-moby-cb1604e6f8e6f2f997f69adb48c54650af7d2b91e76ea73a1d70724e67fd951a-runc.HJeSSD.mount: Deactivated successfully.
Dec 03 00:10:00 home-server systemd[1]: Starting sysstat-collect.service - system activity accounting tool...
Dec 03 00:10:00 home-server systemd[1]: sysstat-collect.service: Deactivated successfully.
Dec 03 00:10:00 home-server systemd[1]: Finished sysstat-collect.service - system activity accounting tool.
Dec 03 00:11:26 home-server smartd[710]: Device: /dev/sda [SAT], SMART Usage Attribute: 190 Airflow_Temperature_Cel changed from 65 to 64
Dec 03 00:11:35 home-server systemd[1]: run-docker-runtime\x2drunc-moby-e5071ee0c20ccf43176fb3b96d004f5f695c4df6036e55e2bde36fba2616afa3-runc.8YfUEz.mount: Deactivated successfully.
Dec 03 00:11:36 home-server systemd[1]: run-docker-runtime\x2drunc-moby-61615310f458da66f8884cab39abd984c0bb51c51266544307f6bd9d770405ac-runc.WUwvo4.mount: Deactivated successfully.
Dec 03 00:11:56 home-server systemd[1]: Starting man-db.service - Daily man-db regeneration...
Dec 03 00:11:56 home-server systemd[1]: man-db.service: Deactivated successfully.
Dec 03 00:11:56 home-server systemd[1]: Finished man-db.service - Daily man-db regeneration.
Dec 03 00:12:04 home-server tailscaled[715]: portmapper: UPnP discovery response from 192.168.1.15, but gateway IP is 192.168.1.1
Dec 03 00:12:04 home-server tailscaled[715]: portmapper: UPnP discovery response from 192.168.1.15, but gateway IP is 192.168.1.1
Dec 03 00:12:06 home-server systemd[1]: run-docker-runtime\x2drunc-moby-e5071ee0c20ccf43176fb3b96d004f5f695c4df6036e55e2bde36fba2616afa3-runc.lTnwQT.mount: Deactivated successfully.
Dec 03 00:12:35 home-server tailscaled[715]: netcheck: DetectCaptivePortal(found=false)
Dec 03 00:13:37 home-server systemd[1]: run-docker-runtime\x2drunc-moby-5db57457be615c85da668ddc31488cfb486d7e2f9a6105c1525c57e3db648985-runc.LKRAHs.mount: Deactivated successfully.
Dec 03 00:15:01 home-server CRON[19672]: pam_unix(cron:session): session opened for user root(uid=0) by root(uid=0)
Dec 03 00:15:01 home-server CRON[19673]: (root) CMD (command -v debian-sa1 > /dev/null && debian-sa1 1 1)
Dec 03 00:15:01 home-server CRON[19672]: pam_unix(cron:session): session closed for user root
Dec 03 00:16:10 home-server systemd[1]: run-docker-runtime\x2drunc-moby-e5071ee0c20ccf43176fb3b96d004f5f695c4df6036e55e2bde36fba2616afa3-runc.RQRUrM.mount: Deactivated successfully.
Dec 03 00:17:01 home-server CRON[20622]: pam_unix(cron:session): session opened for user root(uid=0) by root(uid=0)
Dec 03 00:17:01 home-server CRON[20623]: (root) CMD (cd / && run-parts --report /etc/cron.hourly)
Dec 03 00:17:01 home-server CRON[20622]: pam_unix(cron:session): session closed for user root
Dec 03 00:17:11 home-server systemd[1]: run-docker-runtime\x2drunc-moby-e5071ee0c20ccf43176fb3b96d004f5f695c4df6036e55e2bde36fba2616afa3-runc.NVTU3t.mount: Deactivated successfully.
Dec 03 00:17:12 home-server kernel: workqueue: i915_hpd_poll_init_work [i915] hogged CPU for >10000us 4 times, consider switching to WQ_UNBOUND
Dec 03 00:17:42 home-server systemd[1]: run-docker-runtime\x2drunc-moby-b805a4d78003142a275c6f0796cbb24dfdb30de25bf4ea36742fdda13b8a1c56-runc.3HlrAX.mount: Deactivated successfully.
Dec 03 00:17:50 home-server tailscaled[715]: netcheck: DetectCaptivePortal(found=false)
Dec 03 00:18:39 home-server tailscaled[715]: Received error: PollNetMap: unexpected EOF
Dec 03 00:18:39 home-server tailscaled[715]: control: controlhttp: forcing port 443 dial due to recent noise dial
Dec 03 00:18:39 home-server tailscaled[715]: control: controlhttp: forcing port 443 dial due to recent noise dial
Dec 03 00:18:39 home-server tailscaled[715]: control: controlhttp: forcing port 443 dial due to recent noise dial
Dec 03 00:18:39 home-server tailscaled[715]: control: controlhttp: forcing port 443 dial due to recent noise dial
Dec 03 00:18:39 home-server tailscaled[715]: control: controlhttp: forcing port 443 dial due to recent noise dial
Dec 03 00:18:39 home-server tailscaled[715]: [RATELIMIT] format("control: controlhttp: forcing port 443 dial due to recent noise dial")
Dec 03 00:18:40 home-server tailscaled[715]: control: netmap: got new dial plan from control
Dec 03 00:20:02 home-server systemd[1]: Starting sysstat-collect.service - system activity accounting tool...
Dec 03 00:20:02 home-server systemd[1]: sysstat-collect.service: Deactivated successfully.
Dec 03 00:20:02 home-server systemd[1]: Finished sysstat-collect.service - system activity accounting tool.
Dec 03 00:20:37 home-server kernel: workqueue: output_poll_execute hogged CPU for >10000us 8 times, consider switching to WQ_UNBOUND
Dec 03 00:22:16 home-server tailscaled[715]: portmapper: UPnP discovery response from 192.168.1.15, but gateway IP is 192.168.1.1
Dec 03 00:22:16 home-server tailscaled[715]: portmapper: UPnP discovery response from 192.168.1.15, but gateway IP is 192.168.1.1
Dec 03 00:23:09 home-server tailscaled[715]: netcheck: DetectCaptivePortal(found=false)
Dec 03 00:23:17 home-server systemd[1]: run-docker-runtime\x2drunc-moby-cb1604e6f8e6f2f997f69adb48c54650af7d2b91e76ea73a1d70724e67fd951a-runc.XAOVYB.mount: Deactivated successfully.
Dec 03 00:23:18 home-server kernel: workqueue: i915_hpd_poll_init_work [i915] hogged CPU for >10000us 8 times, consider switching to WQ_UNBOUND
Dec 03 00:24:49 home-server systemd[1]: run-docker-runtime\x2drunc-moby-e5071ee0c20ccf43176fb3b96d004f5f695c4df6036e55e2bde36fba2616afa3-runc.DgMkJg.mount: Deactivated successfully.
Dec 03 00:25:01 home-server CRON[24470]: pam_unix(cron:session): session opened for user root(uid=0) by root(uid=0)
Dec 03 00:25:01 home-server CRON[24471]: (root) CMD (command -v debian-sa1 > /dev/null && debian-sa1 1 1)
Dec 03 00:25:01 home-server CRON[24470]: pam_unix(cron:session): session closed for user root
Dec 03 00:27:52 home-server systemd[1]: run-docker-runtime\x2drunc-moby-cb1604e6f8e6f2f997f69adb48c54650af7d2b91e76ea73a1d70724e67fd951a-runc.scFwXR.mount: Deactivated successfully.
Dec 03 00:28:28 home-server tailscaled[715]: netcheck: DetectCaptivePortal(found=false)
Dec 03 00:30:04 home-server systemd[1]: Starting sysstat-collect.service - system activity accounting tool...
Dec 03 00:30:04 home-server systemd[1]: sysstat-collect.service: Deactivated successfully.
Dec 03 00:30:04 home-server systemd[1]: Finished sysstat-collect.service - system activity accounting tool.
Dec 03 00:31:57 home-server systemd[1]: run-docker-runtime\x2drunc-moby-e5071ee0c20ccf43176fb3b96d004f5f695c4df6036e55e2bde36fba2616afa3-runc.IFjMW8.mount: Deactivated successfully.
Dec 03 00:32:35 home-server tailscaled[715]: portmapper: UPnP discovery response from 192.168.1.15, but gateway IP is 192.168.1.1
Dec 03 00:32:35 home-server tailscaled[715]: portmapper: UPnP discovery response from 192.168.1.15, but gateway IP is 192.168.1.1
Dec 03 00:33:30 home-server tailscaled[715]: netcheck: DetectCaptivePortal(found=false)
Dec 03 00:34:29 home-server systemd[1]: run-docker-runtime\x2drunc-moby-cb1604e6f8e6f2f997f69adb48c54650af7d2b91e76ea73a1d70724e67fd951a-runc.QKjOAt.mount: Deactivated successfully.
Dec 03 00:35:01 home-server CRON[29251]: pam_unix(cron:session): session opened for user root(uid=0) by root(uid=0)
Dec 03 00:35:01 home-server CRON[29252]: (root) CMD (command -v debian-sa1 > /dev/null && debian-sa1 1 1)
Dec 03 00:35:01 home-server CRON[29251]: pam_unix(cron:session): session closed for user root
Dec 03 00:36:32 home-server systemd[1]: run-docker-runtime\x2drunc-moby-e5071ee0c20ccf43176fb3b96d004f5f695c4df6036e55e2bde36fba2616afa3-runc.pTZytJ.mount: Deactivated successfully.
Dec 03 00:38:03 home-server systemd[1]: run-docker-runtime\x2drunc-moby-e5071ee0c20ccf43176fb3b96d004f5f695c4df6036e55e2bde36fba2616afa3-runc.ETppFO.mount: Deactivated successfully.
Dec 03 00:38:37 home-server tailscaled[715]: netcheck: DetectCaptivePortal(found=false)
Dec 03 00:39:00 home-server systemd[1]: Starting phpsessionclean.service - Clean php session files...
Dec 03 00:39:00 home-server systemd[1]: phpsessionclean.service: Deactivated successfully.
Dec 03 00:39:00 home-server systemd[1]: Finished phpsessionclean.service - Clean php session files.
Dec 03 00:39:01 home-server CRON[31191]: pam_unix(cron:session): session opened for user root(uid=0) by root(uid=0)
Dec 03 00:39:01 home-server CRON[31192]: (root) CMD (  [ -x /usr/lib/php/sessionclean ] && if [ ! -d /run/systemd/system ]; then /usr/lib/php/sessionclean; fi)
Dec 03 00:39:01 home-server CRON[31191]: pam_unix(cron:session): session closed for user root
Dec 03 00:40:00 home-server systemd[1]: Starting sysstat-collect.service - system activity accounting tool...
Dec 03 00:40:00 home-server systemd[1]: sysstat-collect.service: Deactivated successfully.
Dec 03 00:40:00 home-server systemd[1]: Finished sysstat-collect.service - system activity accounting tool.
Dec 03 00:40:05 home-server systemd[1]: run-docker-runtime\x2drunc-moby-cb1604e6f8e6f2f997f69adb48c54650af7d2b91e76ea73a1d70724e67fd951a-runc.2jJNZx.mount: Deactivated successfully.
-- Boot 8232160bceb644dfbe044ba6d887618f --
Dec 03 00:42:20 home-server kernel: Linux version 6.8.0-49-generic (buildd@lcy02-amd64-028) (x86_64-linux-gnu-gcc-13 (Ubuntu 13.2.0-23ubuntu4) 13.2.0, GNU ld (GNU Binutils for Ubuntu) 2.42) #49-Ubuntu SMP PREEMPT_DYNAMIC Mon Nov  4 02:06:24 UTC 2024 (Ubuntu 6.8.0-49.49-generic 6.8.12)
Dec 03 00:42:20 home-server kernel: Command line: BOOT_IMAGE=/boot/vmlinuz-6.8.0-49-generic root=UUID=d0395190-aae1-49a4-8699-be7e2d556956 ro
Dec 03 00:42:20 home-server kernel: KERNEL supported cpus:
Dec 03 00:42:20 home-server kernel:   Intel GenuineIntel
Dec 03 00:42:20 home-server kernel:   AMD AuthenticAMD
Dec 03 00:42:20 home-server kernel:   Hygon HygonGenuine
Dec 03 00:42:20 home-server kernel:   Centaur CentaurHauls
Dec 03 00:42:20 home-server kernel:   zhaoxin   Shanghai  
Dec 03 00:42:20 home-server kernel: BIOS-provided physical RAM map:
Dec 03 00:42:20 home-server kernel: BIOS-e820: [mem 0x0000000000000000-0x000000000005bfff] usable
Dec 03 00:42:20 home-server kernel: BIOS-e820: [mem 0x000000000005c000-0x000000000005cfff] reserved
Dec 03 00:42:20 home-server kernel: BIOS-e820: [mem 0x000000000005d000-0x000000000009ffff] usable
Dec 03 00:42:20 home-server kernel: BIOS-e820: [mem 0x00000000000a0000-0x00000000000fffff] reserved
Dec 03 00:42:20 home-server kernel: BIOS-e820: [mem 0x0000000000100000-0x00000000ce727fff] usable
Dec 03 00:42:20 home-server kernel: BIOS-e820: [mem 0x00000000ce728000-0x00000000cf98efff] reserved
Dec 03 00:42:20 home-server kernel: BIOS-e820: [mem 0x00000000cf98f000-0x00000000cfb8efff] ACPI NVS
Dec 03 00:42:20 home-server kernel: BIOS-e820: [mem 0x00000000cfb8f000-0x00000000cfc0efff] ACPI data
Dec 03 00:42:20 home-server kernel: BIOS-e820: [mem 0x00000000cfc0f000-0x00000000cfc0ffff] usable
Dec 03 00:42:20 home-server kernel: BIOS-e820: [mem 0x00000000cfc10000-0x00000000d67fffff] reserved
Dec 03 00:42:20 home-server kernel: BIOS-e820: [mem 0x00000000fe010000-0x00000000fe010fff] reserved
Dec 03 00:42:20 home-server kernel: BIOS-e820: [mem 0x00000000ff400000-0x00000000ffffffff] reserved
Dec 03 00:42:20 home-server kernel: BIOS-e820: [mem 0x0000000100000000-0x00000002277fffff] usable
Dec 03 00:42:20 home-server kernel: NX (Execute Disable) protection: active
Dec 03 00:42:20 home-server kernel: APIC: Static calls initialized
Dec 03 00:42:20 home-server kernel: e820: update [mem 0xac793018-0xac7a3057] usable ==> usable
Dec 03 00:42:20 home-server kernel: e820: update [mem 0xac793018-0xac7a3057] usable ==> usable
Dec 03 00:42:20 home-server kernel: extended physical RAM map:
Dec 03 00:42:20 home-server kernel: reserve setup_data: [mem 0x0000000000000000-0x000000000005bfff] usable
Dec 03 00:42:20 home-server kernel: reserve setup_data: [mem 0x000000000005c000-0x000000000005cfff] reserved
Dec 03 00:42:20 home-server kernel: reserve setup_data: [mem 0x000000000005d000-0x000000000009ffff] usable
Dec 03 00:42:20 home-server kernel: reserve setup_data: [mem 0x00000000000a0000-0x00000000000fffff] reserved
Dec 03 00:42:20 home-server kernel: reserve setup_data: [mem 0x0000000000100000-0x00000000ac793017] usable
Dec 03 00:42:20 home-server kernel: reserve setup_data: [mem 0x00000000ac793018-0x00000000ac7a3057] usable
Dec 03 00:42:20 home-server kernel: reserve setup_data: [mem 0x00000000ac7a3058-0x00000000ce727fff] usable
Dec 03 00:42:20 home-server kernel: reserve setup_data: [mem 0x00000000ce728000-0x00000000cf98efff] reserved
Dec 03 00:42:20 home-server kernel: reserve setup_data: [mem 0x00000000cf98f000-0x00000000cfb8efff] ACPI NVS
Dec 03 00:42:20 home-server kernel: reserve setup_data: [mem 0x00000000cfb8f000-0x00000000cfc0efff] ACPI data
Dec 03 00:42:20 home-server kernel: reserve setup_data: [mem 0x00000000cfc0f000-0x00000000cfc0ffff] usable
Dec 03 00:42:20 home-server kernel: reserve setup_data: [mem 0x00000000cfc10000-0x00000000d67fffff] reserved
Dec 03 00:42:20 home-server kernel: reserve setup_data: [mem 0x00000000fe010000-0x00000000fe010fff] reserved
Dec 03 00:42:20 home-server kernel: reserve setup_data: [mem 0x00000000ff400000-0x00000000ffffffff] reserved
Dec 03 00:42:20 home-server kernel: reserve setup_data: [mem 0x0000000100000000-0x00000002277fffff] usable
Dec 03 00:42:20 home-server kernel: efi: EFI v2.6 by HP
Dec 03 00:42:20 home-server kernel: efi: ACPI=0xcfc0e000 ACPI 2.0=0xcfc0e014 TPMFinalLog=0xcfb4b000 SMBIOS=0xceef2000 ESRT=0xceef3018 MEMATTR=0xbf836018 MOKvar=0xceee5000 INITRD=0xb182c698 RNG=0xcfbc5018 TPMEventLog=0xac7a4018 
Dec 03 00:42:20 home-server kernel: random: crng init done
Dec 03 00:42:20 home-server kernel: efi: Not removing mem56: MMIO range=[0xfe010000-0xfe010fff] (4KB) from e820 map
Dec 03 00:42:20 home-server kernel: efi: Remove mem57: MMIO range=[0xff400000-0xffffffff] (12MB) from e820 map
Dec 03 00:42:20 home-server kernel: e820: remove [mem 0xff400000-0xffffffff] reserved
Dec 03 00:42:20 home-server kernel: secureboot: Secure boot disabled
Dec 03 00:42:20 home-server kernel: SMBIOS 3.1 present.
Dec 03 00:42:20 home-server kernel: DMI: HP HP ProDesk 400 G4 DM/83F3, BIOS Q23 Ver. 02.27.00 12/12/2023
Dec 03 00:42:20 home-server kernel: tsc: Detected 2100.000 MHz processor
Dec 03 00:42:20 home-server kernel: tsc: Detected 2099.944 MHz TSC
Dec 03 00:42:20 home-server kernel: e820: update [mem 0x00000000-0x00000fff] usable ==> reserved
Dec 03 00:42:20 home-server kernel: e820: remove [mem 0x000a0000-0x000fffff] usable
Dec 03 00:42:20 home-server kernel: last_pfn = 0x227800 max_arch_pfn = 0x400000000
Dec 03 00:42:20 home-server kernel: MTRR map: 5 entries (3 fixed + 2 variable; max 23), built from 10 variable MTRRs
Dec 03 00:42:20 home-server kernel: x86/PAT: Configuration [0-7]: WB  WC  UC- UC  WB  WP  UC- WT  
Dec 03 00:42:20 home-server kernel: last_pfn = 0xcfc10 max_arch_pfn = 0x400000000
Dec 03 00:42:20 home-server kernel: esrt: Reserving ESRT space from 0x00000000ceef3018 to 0x00000000ceef3050.
Dec 03 00:42:20 home-server kernel: Using GB pages for direct mapping
Dec 03 00:42:20 home-server kernel: secureboot: Secure boot disabled
Dec 03 00:42:20 home-server kernel: RAMDISK: [mem 0x9f208000-0xa3212fff]
Dec 03 00:42:20 home-server kernel: ACPI: Early table checksum verification disabled
Dec 03 00:42:20 home-server kernel: ACPI: RSDP 0x00000000CFC0E014 000024 (v02 HPQOEM)
Dec 03 00:42:20 home-server kernel: ACPI: XSDT 0x00000000CFBC7188 0000DC (v01 HPQOEM SLIC-BPC 00000000 INTL 20160422)
Dec 03 00:42:20 home-server kernel: ACPI: FACP 0x00000000CFC08000 000114 (v06 HPQOEM SLIC-BPC 00000000 HP   00000001)
Dec 03 00:42:20 home-server kernel: ACPI: DSDT 0x00000000CFBE5000 01E4BE (v02 HPQOEM 83F3     00000000 INTL 20160527)
Dec 03 00:42:20 home-server kernel: ACPI: FACS 0x00000000CFB47000 000040
Dec 03 00:42:20 home-server kernel: ACPI: SSDT 0x00000000CFC0C000 00012A (v02 HP     ShmTable 00000001 INTL 20160527)
Dec 03 00:42:20 home-server kernel: ACPI: SSDT 0x00000000CFC0A000 001B60 (v02 CpuRef CpuSsdt  00003000 INTL 20160527)
Dec 03 00:42:20 home-server kernel: ACPI: SSDT 0x00000000CFC09000 0009CF (v02 CtdpB  CtdpB    00001000 INTL 20160527)
Dec 03 00:42:20 home-server kernel: ACPI: HPET 0x00000000CFC07000 000038 (v01 HPQOEM 83F3     00000001 HP   00000001)
Dec 03 00:42:20 home-server kernel: ACPI: APIC 0x00000000CFC06000 00012C (v03 HPQOEM 83F3     00000001 HP   00000001)
Dec 03 00:42:20 home-server kernel: ACPI: MCFG 0x00000000CFC05000 00003C (v01 HPQOEM 83F3     00000001 HP   00000001)
Dec 03 00:42:20 home-server kernel: ACPI: WSMT 0x00000000CFC04000 000028 (v01 HPQOEM 83F3     00000001 HP   00000001)
Dec 03 00:42:20 home-server kernel: ACPI: SSDT 0x00000000CFBE4000 000734 (v01 HPQOEM PtidDevc 00001000 INTL 20160527)
Dec 03 00:42:20 home-server kernel: ACPI: SSDT 0x00000000CFBE3000 000D23 (v02 HPQOEM HP_XHC_P 00000000 INTL 20160527)
Dec 03 00:42:20 home-server kernel: ACPI: SSDT 0x00000000CFBDF000 00310F (v02 SaSsdt SaSsdt   00003000 INTL 20160527)
Dec 03 00:42:20 home-server kernel: ACPI: LPIT 0x00000000CFBDE000 000094 (v01 INTEL  CFL      20170001 INTL 20160422)
Dec 03 00:42:20 home-server kernel: ACPI: WSMT 0x00000000CFBDD000 000028 (v01 INTEL  CFL      20170001 INTL 20160422)
Dec 03 00:42:20 home-server kernel: ACPI: SSDT 0x00000000CFBDC000 00044C (v02 INTEL  Wwan     00000001 INTL 20160527)
Dec 03 00:42:20 home-server kernel: ACPI: SSDT 0x00000000CFBDB000 0003CE (v02 INTEL  Tpm2Tabl 00001000 INTL 20160527)
Dec 03 00:42:20 home-server kernel: ACPI: TPM2 0x00000000CFBDA000 000034 (v04 INTEL  CFL      20170001 INTL 20160422)
Dec 03 00:42:20 home-server kernel: ACPI: UEFI 0x00000000CFB40000 000042 (v01 INTEL  CFL      20170001 INTL 20160422)
Dec 03 00:42:20 home-server kernel: ACPI: OEML 0x00000000CFBD9000 000028 (v03 INTEL  CFL      20170001 INTL 20160422)
Dec 03 00:42:20 home-server kernel: ACPI: DMAR 0x00000000CFBD8000 0000A8 (v01 INTEL  CFL      00000002      01000013)
Dec 03 00:42:20 home-server kernel: ACPI: SSDT 0x00000000CFBC9000 00E899 (v01 HP     HPINDTWL 00001000 INTL 20160527)
Dec 03 00:42:20 home-server kernel: ACPI: SSDT 0x00000000CFBC8000 000032 (v01 HP     HPCONDEV 00001000 INTL 20160527)
Dec 03 00:42:20 home-server kernel: ACPI: SSDT 0x00000000CFC0D000 000069 (v01 HP     HPCAHWID 00001000 INTL 20160527)
Dec 03 00:42:20 home-server kernel: ACPI: FPDT 0x00000000CFBC6000 000044 (v01 INTEL  CFL      20170001 INTL 20160422)
Dec 03 00:42:20 home-server kernel: ACPI: Reserving FACP table memory at [mem 0xcfc08000-0xcfc08113]
Dec 03 00:42:20 home-server kernel: ACPI: Reserving DSDT table memory at [mem 0xcfbe5000-0xcfc034bd]
Dec 03 00:42:20 home-server kernel: ACPI: Reserving FACS table memory at [mem 0xcfb47000-0xcfb4703f]
Dec 03 00:42:20 home-server kernel: ACPI: Reserving SSDT table memory at [mem 0xcfc0c000-0xcfc0c129]
Dec 03 00:42:20 home-server kernel: ACPI: Reserving SSDT table memory at [mem 0xcfc0a000-0xcfc0bb5f]
Dec 03 00:42:20 home-server kernel: ACPI: Reserving SSDT table memory at [mem 0xcfc09000-0xcfc099ce]
Dec 03 00:42:20 home-server kernel: ACPI: Reserving HPET table memory at [mem 0xcfc07000-0xcfc07037]
Dec 03 00:42:20 home-server kernel: ACPI: Reserving APIC table memory at [mem 0xcfc06000-0xcfc0612b]
Dec 03 00:42:20 home-server kernel: ACPI: Reserving MCFG table memory at [mem 0xcfc05000-0xcfc0503b]
Dec 03 00:42:20 home-server kernel: ACPI: Reserving WSMT table memory at [mem 0xcfc04000-0xcfc04027]
Dec 03 00:42:20 home-server kernel: ACPI: Reserving SSDT table memory at [mem 0xcfbe4000-0xcfbe4733]
Dec 03 00:42:20 home-server kernel: ACPI: Reserving SSDT table memory at [mem 0xcfbe3000-0xcfbe3d22]
Dec 03 00:42:20 home-server kernel: ACPI: Reserving SSDT table memory at [mem 0xcfbdf000-0xcfbe210e]
Dec 03 00:42:20 home-server kernel: ACPI: Reserving LPIT table memory at [mem 0xcfbde000-0xcfbde093]
Dec 03 00:42:20 home-server kernel: ACPI: Reserving WSMT table memory at [mem 0xcfbdd000-0xcfbdd027]
Dec 03 00:42:20 home-server kernel: ACPI: Reserving SSDT table memory at [mem 0xcfbdc000-0xcfbdc44b]
Dec 03 00:42:20 home-server kernel: ACPI: Reserving SSDT table memory at [mem 0xcfbdb000-0xcfbdb3cd]
Dec 03 00:42:20 home-server kernel: ACPI: Reserving TPM2 table memory at [mem 0xcfbda000-0xcfbda033]
Dec 03 00:42:20 home-server kernel: ACPI: Reserving UEFI table memory at [mem 0xcfb40000-0xcfb40041]
Dec 03 00:42:20 home-server kernel: ACPI: Reserving OEML table memory at [mem 0xcfbd9000-0xcfbd9027]
Dec 03 00:42:20 home-server kernel: ACPI: Reserving DMAR table memory at [mem 0xcfbd8000-0xcfbd80a7]
Dec 03 00:42:20 home-server kernel: ACPI: Reserving SSDT table memory at [mem 0xcfbc9000-0xcfbd7898]
Dec 03 00:42:20 home-server kernel: ACPI: Reserving SSDT table memory at [mem 0xcfbc8000-0xcfbc8031]
Dec 03 00:42:20 home-server kernel: ACPI: Reserving SSDT table memory at [mem 0xcfc0d000-0xcfc0d068]
Dec 03 00:42:20 home-server kernel: ACPI: Reserving FPDT table memory at [mem 0xcfbc6000-0xcfbc6043]
Dec 03 00:42:20 home-server kernel: No NUMA configuration found
Dec 03 00:42:20 home-server kernel: Faking a node at [mem 0x0000000000000000-0x00000002277fffff]
Dec 03 00:42:20 home-server kernel: NODE_DATA(0) allocated [mem 0x2277d5000-0x2277fffff]
Dec 03 00:42:20 home-server kernel: Zone ranges:
Dec 03 00:42:20 home-server kernel:   DMA      [mem 0x0000000000001000-0x0000000000ffffff]
Dec 03 00:42:20 home-server kernel:   DMA32    [mem 0x0000000001000000-0x00000000ffffffff]
Dec 03 00:42:20 home-server kernel:   Normal   [mem 0x0000000100000000-0x00000002277fffff]
Dec 03 00:42:20 home-server kernel:   Device   empty
Dec 03 00:42:20 home-server kernel: Movable zone start for each node
Dec 03 00:42:20 home-server kernel: Early memory node ranges
Dec 03 00:42:20 home-server kernel:   node   0: [mem 0x0000000000001000-0x000000000005bfff]
Dec 03 00:42:20 home-server kernel:   node   0: [mem 0x000000000005d000-0x000000000009ffff]
Dec 03 00:42:20 home-server kernel:   node   0: [mem 0x0000000000100000-0x00000000ce727fff]
Dec 03 00:42:20 home-server kernel:   node   0: [mem 0x00000000cfc0f000-0x00000000cfc0ffff]
Dec 03 00:42:20 home-server kernel:   node   0: [mem 0x0000000100000000-0x00000002277fffff]
Dec 03 00:42:20 home-server kernel: Initmem setup node 0 [mem 0x0000000000001000-0x00000002277fffff]
Dec 03 00:42:20 home-server kernel: On node 0, zone DMA: 1 pages in unavailable ranges
Dec 03 00:42:20 home-server kernel: On node 0, zone DMA: 1 pages in unavailable ranges
Dec 03 00:42:20 home-server kernel: On node 0, zone DMA: 96 pages in unavailable ranges
Dec 03 00:42:20 home-server kernel: On node 0, zone DMA32: 5351 pages in unavailable ranges
Dec 03 00:42:20 home-server kernel: On node 0, zone Normal: 1008 pages in unavailable ranges
Dec 03 00:42:20 home-server kernel: On node 0, zone Normal: 2048 pages in unavailable ranges
Dec 03 00:42:20 home-server kernel: Reserving Intel graphics memory at [mem 0xd2800000-0xd67fffff]
Dec 03 00:42:20 home-server kernel: ACPI: PM-Timer IO Port: 0x1808
Dec 03 00:42:20 home-server kernel: ACPI: LAPIC_NMI (acpi_id[0x01] high edge lint[0x1])
Dec 03 00:42:20 home-server kernel: ACPI: LAPIC_NMI (acpi_id[0x02] high edge lint[0x1])
Dec 03 00:42:20 home-server kernel: ACPI: LAPIC_NMI (acpi_id[0x03] high edge lint[0x1])
Dec 03 00:42:20 home-server kernel: ACPI: LAPIC_NMI (acpi_id[0x04] high edge lint[0x1])
Dec 03 00:42:20 home-server kernel: ACPI: LAPIC_NMI (acpi_id[0x05] high edge lint[0x1])
Dec 03 00:42:20 home-server kernel: ACPI: LAPIC_NMI (acpi_id[0x06] high edge lint[0x1])
Dec 03 00:42:20 home-server kernel: ACPI: LAPIC_NMI (acpi_id[0x07] high edge lint[0x1])
Dec 03 00:42:20 home-server kernel: ACPI: LAPIC_NMI (acpi_id[0x08] high edge lint[0x1])
Dec 03 00:42:20 home-server kernel: ACPI: LAPIC_NMI (acpi_id[0x09] high edge lint[0x1])
Dec 03 00:42:20 home-server kernel: ACPI: LAPIC_NMI (acpi_id[0x0a] high edge lint[0x1])
Dec 03 00:42:20 home-server kernel: ACPI: LAPIC_NMI (acpi_id[0x0b] high edge lint[0x1])
Dec 03 00:42:20 home-server kernel: ACPI: LAPIC_NMI (acpi_id[0x0c] high edge lint[0x1])
Dec 03 00:42:20 home-server kernel: ACPI: LAPIC_NMI (acpi_id[0x0d] high edge lint[0x1])
Dec 03 00:42:20 home-server kernel: ACPI: LAPIC_NMI (acpi_id[0x0e] high edge lint[0x1])
Dec 03 00:42:20 home-server kernel: ACPI: LAPIC_NMI (acpi_id[0x0f] high edge lint[0x1])
Dec 03 00:42:20 home-server kernel: ACPI: LAPIC_NMI (acpi_id[0x10] high edge lint[0x1])
Dec 03 00:42:20 home-server kernel: IOAPIC[0]: apic_id 2, version 32, address 0xfec00000, GSI 0-119
Dec 03 00:42:20 home-server kernel: ACPI: INT_SRC_OVR (bus 0 bus_irq 0 global_irq 2 dfl dfl)
Dec 03 00:42:20 home-server kernel: ACPI: INT_SRC_OVR (bus 0 bus_irq 9 global_irq 9 high level)
Dec 03 00:42:20 home-server kernel: ACPI: Using ACPI (MADT) for SMP configuration information
Dec 03 00:42:20 home-server kernel: ACPI: HPET id: 0x8086a201 base: 0xfed00000
Dec 03 00:42:20 home-server kernel: TSC deadline timer available
Dec 03 00:42:20 home-server kernel: smpboot: Allowing 6 CPUs, 0 hotplug CPUs
Dec 03 00:42:20 home-server kernel: PM: hibernation: Registered nosave memory: [mem 0x00000000-0x00000fff]
Dec 03 00:42:20 home-server kernel: PM: hibernation: Registered nosave memory: [mem 0x0005c000-0x0005cfff]
Dec 03 00:42:20 home-server kernel: PM: hibernation: Registered nosave memory: [mem 0x000a0000-0x000fffff]
Dec 03 00:42:20 home-server kernel: PM: hibernation: Registered nosave memory: [mem 0xac793000-0xac793fff]
Dec 03 00:42:20 home-server kernel: PM: hibernation: Registered nosave memory: [mem 0xac7a3000-0xac7a3fff]
Dec 03 00:42:20 home-server kernel: PM: hibernation: Registered nosave memory: [mem 0xce728000-0xcf98efff]
Dec 03 00:42:20 home-server kernel: PM: hibernation: Registered nosave memory: [mem 0xcf98f000-0xcfb8efff]
Dec 03 00:42:20 home-server kernel: PM: hibernation: Registered nosave memory: [mem 0xcfb8f000-0xcfc0efff]
Dec 03 00:42:20 home-server kernel: PM: hibernation: Registered nosave memory: [mem 0xcfc10000-0xd67fffff]
Dec 03 00:42:20 home-server kernel: PM: hibernation: Registered nosave memory: [mem 0xd6800000-0xfe00ffff]
Dec 03 00:42:20 home-server kernel: PM: hibernation: Registered nosave memory: [mem 0xfe010000-0xfe010fff]
Dec 03 00:42:20 home-server kernel: PM: hibernation: Registered nosave memory: [mem 0xfe011000-0xffffffff]
Dec 03 00:42:20 home-server kernel: [mem 0xd6800000-0xfe00ffff] available for PCI devices
Dec 03 00:42:20 home-server kernel: Booting paravirtualized kernel on bare hardware
Dec 03 00:42:20 home-server kernel: clocksource: refined-jiffies: mask: 0xffffffff max_cycles: 0xffffffff, max_idle_ns: 1910969940391419 ns
Dec 03 00:42:20 home-server kernel: setup_percpu: NR_CPUS:8192 nr_cpumask_bits:6 nr_cpu_ids:6 nr_node_ids:1
Dec 03 00:42:20 home-server kernel: percpu: Embedded 86 pages/cpu s229376 r8192 d114688 u524288
Dec 03 00:42:20 home-server kernel: pcpu-alloc: s229376 r8192 d114688 u524288 alloc=1*2097152
Dec 03 00:42:20 home-server kernel: pcpu-alloc: [0] 0 1 2 3 [0] 4 5 - - 
Dec 03 00:42:20 home-server kernel: Kernel command line: BOOT_IMAGE=/boot/vmlinuz-6.8.0-49-generic root=UUID=d0395190-aae1-49a4-8699-be7e2d556956 ro
Dec 03 00:42:20 home-server kernel: Unknown kernel command line parameters "BOOT_IMAGE=/boot/vmlinuz-6.8.0-49-generic", will be passed to user space.
Dec 03 00:42:20 home-server kernel: Dentry cache hash table entries: 1048576 (order: 11, 8388608 bytes, linear)
Dec 03 00:42:20 home-server kernel: Inode-cache hash table entries: 524288 (order: 10, 4194304 bytes, linear)
Dec 03 00:42:20 home-server kernel: Fallback order for Node 0: 0 
Dec 03 00:42:20 home-server kernel: Built 1 zonelists, mobility grouping on.  Total pages: 2023596
Dec 03 00:42:20 home-server kernel: Policy zone: Normal
Dec 03 00:42:20 home-server kernel: mem auto-init: stack:all(zero), heap alloc:on, heap free:off
Dec 03 00:42:20 home-server kernel: software IO TLB: area num 8.
Dec 03 00:42:20 home-server kernel: Memory: 7639876K/8223516K available (22528K kernel code, 4441K rwdata, 14316K rodata, 4976K init, 4732K bss, 583380K reserved, 0K cma-reserved)
Dec 03 00:42:20 home-server kernel: SLUB: HWalign=64, Order=0-3, MinObjects=0, CPUs=6, Nodes=1
Dec 03 00:42:20 home-server kernel: Kernel/User page tables isolation: enabled
Dec 03 00:42:20 home-server kernel: ftrace: allocating 57905 entries in 227 pages
Dec 03 00:42:20 home-server kernel: ftrace: allocated 227 pages with 5 groups
Dec 03 00:42:20 home-server kernel: Dynamic Preempt: voluntary
Dec 03 00:42:20 home-server kernel: rcu: Preemptible hierarchical RCU implementation.
Dec 03 00:42:20 home-server kernel: rcu:         RCU restricting CPUs from NR_CPUS=8192 to nr_cpu_ids=6.
Dec 03 00:42:20 home-server kernel:         Trampoline variant of Tasks RCU enabled.
Dec 03 00:42:20 home-server kernel:         Rude variant of Tasks RCU enabled.
Dec 03 00:42:20 home-server kernel:         Tracing variant of Tasks RCU enabled.
Dec 03 00:42:20 home-server kernel: rcu: RCU calculated value of scheduler-enlistment delay is 100 jiffies.
Dec 03 00:42:20 home-server kernel: rcu: Adjusting geometry for rcu_fanout_leaf=16, nr_cpu_ids=6
Dec 03 00:42:20 home-server kernel: NR_IRQS: 524544, nr_irqs: 1536, preallocated irqs: 16
Dec 03 00:42:20 home-server kernel: rcu: srcu_init: Setting srcu_struct sizes based on contention.
Dec 03 00:42:20 home-server kernel: Console: colour dummy device 80x25
Dec 03 00:42:20 home-server kernel: printk: legacy console [tty0] enabled
Dec 03 00:42:20 home-server kernel: ACPI: Core revision 20230628
Dec 03 00:42:20 home-server kernel: hpet: HPET dysfunctional in PC10. Force disabled.
Dec 03 00:42:20 home-server kernel: APIC: Switch to symmetric I/O mode setup
Dec 03 00:42:20 home-server kernel: DMAR: Host address width 39
Dec 03 00:42:20 home-server kernel: DMAR: DRHD base: 0x000000fed90000 flags: 0x0
Dec 03 00:42:20 home-server kernel: DMAR: dmar0: reg_base_addr fed90000 ver 1:0 cap 1c0000c40660462 ecap 19e2ff0505e
Dec 03 00:42:20 home-server kernel: DMAR: DRHD base: 0x000000fed91000 flags: 0x1
Dec 03 00:42:20 home-server kernel: DMAR: dmar1: reg_base_addr fed91000 ver 1:0 cap d2008c40660462 ecap f050da
Dec 03 00:42:20 home-server kernel: DMAR: RMRR base: 0x000000cf89d000 end: 0x000000cf8bcfff
Dec 03 00:42:20 home-server kernel: DMAR: RMRR base: 0x000000d2000000 end: 0x000000d67fffff
Dec 03 00:42:20 home-server kernel: DMAR-IR: IOAPIC id 2 under DRHD base  0xfed91000 IOMMU 1
Dec 03 00:42:20 home-server kernel: DMAR-IR: HPET id 0 under DRHD base 0xfed91000
Dec 03 00:42:20 home-server kernel: DMAR-IR: Queued invalidation will be enabled to support x2apic and Intr-remapping.
Dec 03 00:42:20 home-server kernel: DMAR-IR: Enabled IRQ remapping in x2apic mode
Dec 03 00:42:20 home-server kernel: x2apic enabled
Dec 03 00:42:20 home-server kernel: APIC: Switched APIC routing to: cluster x2apic
Dec 03 00:42:20 home-server kernel: clocksource: tsc-early: mask: 0xffffffffffffffff max_cycles: 0x1e44fb6c2ab, max_idle_ns: 440795206594 ns
Dec 03 00:42:20 home-server kernel: Calibrating delay loop (skipped), value calculated using timer frequency.. 4199.88 BogoMIPS (lpj=2099944)
Dec 03 00:42:20 home-server kernel: x86/cpu: SGX disabled by BIOS.
Dec 03 00:42:20 home-server kernel: CPU0: Thermal monitoring enabled (TM1)
Dec 03 00:42:20 home-server kernel: process: using mwait in idle threads
Dec 03 00:42:20 home-server kernel: Last level iTLB entries: 4KB 128, 2MB 8, 4MB 8
Dec 03 00:42:20 home-server kernel: Last level dTLB entries: 4KB 64, 2MB 0, 4MB 0, 1GB 4
Dec 03 00:42:20 home-server kernel: Spectre V1 : Mitigation: usercopy/swapgs barriers and __user pointer sanitization
Dec 03 00:42:20 home-server kernel: Spectre V2 : Mitigation: IBRS
Dec 03 00:42:20 home-server kernel: Spectre V2 : Spectre v2 / SpectreRSB mitigation: Filling RSB on context switch
Dec 03 00:42:20 home-server kernel: Spectre V2 : Spectre v2 / SpectreRSB : Filling RSB on VMEXIT
Dec 03 00:42:20 home-server kernel: RETBleed: Mitigation: IBRS
Dec 03 00:42:20 home-server kernel: Spectre V2 : mitigation: Enabling conditional Indirect Branch Prediction Barrier
Dec 03 00:42:20 home-server kernel: Speculative Store Bypass: Mitigation: Speculative Store Bypass disabled via prctl
Dec 03 00:42:20 home-server kernel: MDS: Mitigation: Clear CPU buffers
Dec 03 00:42:20 home-server kernel: TAA: Mitigation: TSX disabled
Dec 03 00:42:20 home-server kernel: MMIO Stale Data: Mitigation: Clear CPU buffers
Dec 03 00:42:20 home-server kernel: SRBDS: Mitigation: Microcode
Dec 03 00:42:20 home-server kernel: GDS: Mitigation: Microcode
Dec 03 00:42:20 home-server kernel: x86/fpu: Supporting XSAVE feature 0x001: 'x87 floating point registers'
Dec 03 00:42:20 home-server kernel: x86/fpu: Supporting XSAVE feature 0x002: 'SSE registers'
Dec 03 00:42:20 home-server kernel: x86/fpu: Supporting XSAVE feature 0x004: 'AVX registers'
Dec 03 00:42:20 home-server kernel: x86/fpu: Supporting XSAVE feature 0x008: 'MPX bounds registers'
Dec 03 00:42:20 home-server kernel: x86/fpu: Supporting XSAVE feature 0x010: 'MPX CSR'
Dec 03 00:42:20 home-server kernel: x86/fpu: xstate_offset[2]:  576, xstate_sizes[2]:  256
Dec 03 00:42:20 home-server kernel: x86/fpu: xstate_offset[3]:  832, xstate_sizes[3]:   64
Dec 03 00:42:20 home-server kernel: x86/fpu: xstate_offset[4]:  896, xstate_sizes[4]:   64
Dec 03 00:42:20 home-server kernel: x86/fpu: Enabled xstate features 0x1f, context size is 960 bytes, using 'compacted' format.
Dec 03 00:42:20 home-server kernel: Freeing SMP alternatives memory: 48K
Dec 03 00:42:20 home-server kernel: pid_max: default: 32768 minimum: 301
Dec 03 00:42:20 home-server kernel: LSM: initializing lsm=lockdown,capability,landlock,yama,apparmor,integrity
Dec 03 00:42:20 home-server kernel: landlock: Up and running.
Dec 03 00:42:20 home-server kernel: Yama: becoming mindful.
Dec 03 00:42:20 home-server kernel: AppArmor: AppArmor initialized
Dec 03 00:42:20 home-server kernel: Mount-cache hash table entries: 16384 (order: 5, 131072 bytes, linear)
Dec 03 00:42:20 home-server kernel: Mountpoint-cache hash table entries: 16384 (order: 5, 131072 bytes, linear)
Dec 03 00:42:20 home-server kernel: smpboot: CPU0: Intel(R) Core(TM) i5-8500T CPU @ 2.10GHz (family: 0x6, model: 0x9e, stepping: 0xa)
Dec 03 00:42:20 home-server kernel: RCU Tasks: Setting shift to 3 and lim to 1 rcu_task_cb_adjust=1.
Dec 03 00:42:20 home-server kernel: RCU Tasks Rude: Setting shift to 3 and lim to 1 rcu_task_cb_adjust=1.
Dec 03 00:42:20 home-server kernel: RCU Tasks Trace: Setting shift to 3 and lim to 1 rcu_task_cb_adjust=1.
Dec 03 00:42:20 home-server kernel: Performance Events: PEBS fmt3+, Skylake events, 32-deep LBR, full-width counters, Intel PMU driver.
Dec 03 00:42:20 home-server kernel: ... version:                4
Dec 03 00:42:20 home-server kernel: ... bit width:              48
Dec 03 00:42:20 home-server kernel: ... generic registers:      8
Dec 03 00:42:20 home-server kernel: ... value mask:             0000ffffffffffff
Dec 03 00:42:20 home-server kernel: ... max period:             00007fffffffffff
Dec 03 00:42:20 home-server kernel: ... fixed-purpose events:   3
Dec 03 00:42:20 home-server kernel: ... event mask:             00000007000000ff
Dec 03 00:42:20 home-server kernel: signal: max sigframe size: 2032
Dec 03 00:42:20 home-server kernel: Estimated ratio of average max frequency by base frequency (times 1024): 1609
Dec 03 00:42:20 home-server kernel: rcu: Hierarchical SRCU implementation.
Dec 03 00:42:20 home-server kernel: rcu:         Max phase no-delay instances is 400.
Dec 03 00:42:20 home-server kernel: NMI watchdog: Enabled. Permanently consumes one hw-PMU counter.
Dec 03 00:42:20 home-server kernel: smp: Bringing up secondary CPUs ...
Dec 03 00:42:20 home-server kernel: smpboot: x86: Booting SMP configuration:
Dec 03 00:42:20 home-server kernel: .... node  #0, CPUs:      #1 #2 #3 #4 #5
Dec 03 00:42:20 home-server kernel: smp: Brought up 1 node, 6 CPUs
Dec 03 00:42:20 home-server kernel: smpboot: Max logical packages: 1
Dec 03 00:42:20 home-server kernel: smpboot: Total of 6 processors activated (25199.32 BogoMIPS)
Dec 03 00:42:20 home-server kernel: devtmpfs: initialized
Dec 03 00:42:20 home-server kernel: x86/mm: Memory block size: 128MB
Dec 03 00:42:20 home-server kernel: ACPI: PM: Registering ACPI NVS region [mem 0xcf98f000-0xcfb8efff] (2097152 bytes)
Dec 03 00:42:20 home-server kernel: clocksource: jiffies: mask: 0xffffffff max_cycles: 0xffffffff, max_idle_ns: 1911260446275000 ns
Dec 03 00:42:20 home-server kernel: futex hash table entries: 2048 (order: 5, 131072 bytes, linear)
Dec 03 00:42:20 home-server kernel: pinctrl core: initialized pinctrl subsystem
Dec 03 00:42:20 home-server kernel: PM: RTC time: 00:42:16, date: 2024-12-03
Dec 03 00:42:20 home-server kernel: NET: Registered PF_NETLINK/PF_ROUTE protocol family
Dec 03 00:42:20 home-server kernel: DMA: preallocated 1024 KiB GFP_KERNEL pool for atomic allocations
Dec 03 00:42:20 home-server kernel: DMA: preallocated 1024 KiB GFP_KERNEL|GFP_DMA pool for atomic allocations
Dec 03 00:42:20 home-server kernel: DMA: preallocated 1024 KiB GFP_KERNEL|GFP_DMA32 pool for atomic allocations
Dec 03 00:42:20 home-server kernel: audit: initializing netlink subsys (disabled)
Dec 03 00:42:20 home-server kernel: audit: type=2000 audit(1733186535.013:1): state=initialized audit_enabled=0 res=1
Dec 03 00:42:20 home-server kernel: thermal_sys: Registered thermal governor 'fair_share'
Dec 03 00:42:20 home-server kernel: thermal_sys: Registered thermal governor 'bang_bang'
Dec 03 00:42:20 home-server kernel: thermal_sys: Registered thermal governor 'step_wise'
Dec 03 00:42:20 home-server kernel: thermal_sys: Registered thermal governor 'user_space'
Dec 03 00:42:20 home-server kernel: thermal_sys: Registered thermal governor 'power_allocator'
Dec 03 00:42:20 home-server kernel: EISA bus registered
Dec 03 00:42:20 home-server kernel: cpuidle: using governor ladder
Dec 03 00:42:20 home-server kernel: cpuidle: using governor menu
Dec 03 00:42:20 home-server kernel: ACPI FADT declares the system doesn't support PCIe ASPM, so disable it
Dec 03 00:42:20 home-server kernel: acpiphp: ACPI Hot Plug PCI Controller Driver version: 0.5
Dec 03 00:42:20 home-server kernel: PCI: ECAM [mem 0xf8000000-0xfbffffff] (base 0xf8000000) for domain 0000 [bus 00-3f]
Dec 03 00:42:20 home-server kernel: PCI: Using configuration type 1 for base access
Dec 03 00:42:20 home-server kernel: kprobes: kprobe jump-optimization is enabled. All kprobes are optimized if possible.
Dec 03 00:42:20 home-server kernel: HugeTLB: registered 1.00 GiB page size, pre-allocated 0 pages
Dec 03 00:42:20 home-server kernel: HugeTLB: 16380 KiB vmemmap can be freed for a 1.00 GiB page
Dec 03 00:42:20 home-server kernel: HugeTLB: registered 2.00 MiB page size, pre-allocated 0 pages
Dec 03 00:42:20 home-server kernel: HugeTLB: 28 KiB vmemmap can be freed for a 2.00 MiB page
Dec 03 00:42:20 home-server kernel: fbcon: Taking over console
Dec 03 00:42:20 home-server kernel: ACPI: Added _OSI(Module Device)
Dec 03 00:42:20 home-server kernel: ACPI: Added _OSI(Processor Device)
Dec 03 00:42:20 home-server kernel: ACPI: Added _OSI(3.0 _SCP Extensions)
Dec 03 00:42:20 home-server kernel: ACPI: Added _OSI(Processor Aggregator Device)
Dec 03 00:42:20 home-server kernel: ACPI: 12 ACPI AML tables successfully acquired and loaded
Dec 03 00:42:20 home-server kernel: ACPI: [Firmware Bug]: BIOS _OSI(Linux) query ignored
Dec 03 00:42:20 home-server kernel: ACPI: Dynamic OEM Table Load:
Dec 03 00:42:20 home-server kernel: ACPI: SSDT 0xFFFF8F3781967400 000400 (v02 PmRef  Cpu0Cst  00003001 INTL 20160527)
Dec 03 00:42:20 home-server kernel: ACPI: Dynamic OEM Table Load:
Dec 03 00:42:20 home-server kernel: ACPI: SSDT 0xFFFF8F3781B25800 0004BB (v02 PmRef  Cpu0Ist  00003000 INTL 20160527)
Dec 03 00:42:20 home-server kernel: ACPI: Dynamic OEM Table Load:
Dec 03 00:42:20 home-server kernel: ACPI: SSDT 0xFFFF8F3781B01400 0000F4 (v02 PmRef  Cpu0Psd  00003000 INTL 20160527)
Dec 03 00:42:20 home-server kernel: ACPI: Dynamic OEM Table Load:
Dec 03 00:42:20 home-server kernel: ACPI: SSDT 0xFFFF8F3781B20000 0005FC (v02 PmRef  ApIst    00003000 INTL 20160527)
Dec 03 00:42:20 home-server kernel: ACPI: Dynamic OEM Table Load:
Dec 03 00:42:20 home-server kernel: ACPI: SSDT 0xFFFF8F3781965400 000317 (v02 PmRef  ApHwp    00003000 INTL 20160527)
Dec 03 00:42:20 home-server kernel: ACPI: Dynamic OEM Table Load:
Dec 03 00:42:20 home-server kernel: ACPI: SSDT 0xFFFF8F3781B31000 000AB0 (v02 PmRef  ApPsd    00003000 INTL 20160527)
Dec 03 00:42:20 home-server kernel: ACPI: Dynamic OEM Table Load:
Dec 03 00:42:20 home-server kernel: ACPI: SSDT 0xFFFF8F3781967000 00030A (v02 PmRef  ApCst    00003000 INTL 20160527)
Dec 03 00:42:20 home-server kernel: ACPI: _OSC evaluated successfully for all CPUs
Dec 03 00:42:20 home-server kernel: ACPI: EC: EC started
Dec 03 00:42:20 home-server kernel: ACPI: EC: interrupt blocked
Dec 03 00:42:20 home-server kernel: ACPI: EC: EC_CMD/EC_SC=0x66, EC_DATA=0x62
Dec 03 00:42:20 home-server kernel: ACPI: \_SB_.PCI0.LPCB.EC0_: Boot DSDT EC used to handle transactions
Dec 03 00:42:20 home-server kernel: ACPI: Interpreter enabled
Dec 03 00:42:20 home-server kernel: ACPI: PM: (supports S0 S3 S4 S5)
Dec 03 00:42:20 home-server kernel: ACPI: Using IOAPIC for interrupt routing
Dec 03 00:42:20 home-server kernel: PCI: Using host bridge windows from ACPI; if necessary, use "pci=nocrs" and report a bug
Dec 03 00:42:20 home-server kernel: PCI: Ignoring E820 reservations for host bridge windows
Dec 03 00:42:20 home-server kernel: ACPI: Enabled 4 GPEs in block 00 to 7F
Dec 03 00:42:20 home-server kernel: ACPI: \_SB_.PCI0.XDCI.USBC: New power resource
Dec 03 00:42:20 home-server kernel: ACPI: \_SB_.PCI0.RP01.PXSX.WRST: New power resource
Dec 03 00:42:20 home-server kernel: ACPI: \_SB_.PCI0.RP02.PXSX.WRST: New power resource
Dec 03 00:42:20 home-server kernel: ACPI: \_SB_.PCI0.RP03.PXSX.WRST: New power resource
Dec 03 00:42:20 home-server kernel: ACPI: \_SB_.PCI0.RP04.PXSX.WRST: New power resource
Dec 03 00:42:20 home-server kernel: ACPI: \_SB_.PCI0.RP05.PXSX.WRST: New power resource
Dec 03 00:42:20 home-server kernel: ACPI: \_SB_.PCI0.RP06.PXSX.WRST: New power resource
Dec 03 00:42:20 home-server kernel: ACPI: \_SB_.PCI0.RP07.PXSX.WRST: New power resource
Dec 03 00:42:20 home-server kernel: ACPI: \_SB_.PCI0.RP08.PXSX.WRST: New power resource
Dec 03 00:42:20 home-server kernel: ACPI: \_SB_.PCI0.RP09.PXSX.WRST: New power resource
Dec 03 00:42:20 home-server kernel: ACPI: \_SB_.PCI0.RP10.PXSX.WRST: New power resource
Dec 03 00:42:20 home-server kernel: ACPI: \_SB_.PCI0.RP11.PXSX.WRST: New power resource
Dec 03 00:42:20 home-server kernel: ACPI: \_SB_.PCI0.RP12.PXSX.WRST: New power resource
Dec 03 00:42:20 home-server kernel: ACPI: \_SB_.PCI0.RP13.PXSX.WRST: New power resource
Dec 03 00:42:20 home-server kernel: ACPI: \_SB_.PCI0.RP14.PXSX.WRST: New power resource
Dec 03 00:42:20 home-server kernel: ACPI: \_SB_.PCI0.RP15.PXSX.WRST: New power resource
Dec 03 00:42:20 home-server kernel: ACPI: \_SB_.PCI0.RP16.PXSX.WRST: New power resource
Dec 03 00:42:20 home-server kernel: ACPI: \_SB_.PCI0.RP17.PXSX.WRST: New power resource
Dec 03 00:42:20 home-server kernel: ACPI: \_SB_.PCI0.RP18.PXSX.WRST: New power resource
Dec 03 00:42:20 home-server kernel: ACPI: \_SB_.PCI0.RP19.PXSX.WRST: New power resource
Dec 03 00:42:20 home-server kernel: ACPI: \_SB_.PCI0.RP20.PXSX.WRST: New power resource
Dec 03 00:42:20 home-server kernel: ACPI: \_SB_.PCI0.SAT0.VOL0.V0PR: New power resource
Dec 03 00:42:20 home-server kernel: ACPI: \_SB_.PCI0.SAT0.VOL1.V1PR: New power resource
Dec 03 00:42:20 home-server kernel: ACPI: \_SB_.PCI0.SAT0.VOL2.V2PR: New power resource
Dec 03 00:42:20 home-server kernel: ACPI: \_SB_.PCI0.CNVW.WRST: New power resource
Dec 03 00:42:20 home-server kernel: ACPI: PCI Root Bridge [PCI0] (domain 0000 [bus 00-3e])
Dec 03 00:42:20 home-server kernel: acpi PNP0A08:00: _OSC: OS supports [ExtendedConfig ASPM ClockPM Segments MSI EDR HPX-Type3]
Dec 03 00:42:20 home-server kernel: acpi PNP0A08:00: _OSC: OS now controls [PCIeHotplug SHPCHotplug PME AER PCIeCapability LTR DPC]
Dec 03 00:42:20 home-server kernel: acpi PNP0A08:00: FADT indicates ASPM is unsupported, using BIOS configuration
Dec 03 00:42:20 home-server kernel: PCI host bridge to bus 0000:00
Dec 03 00:42:20 home-server kernel: pci_bus 0000:00: root bus resource [io  0x0000-0x0cf7 window]
Dec 03 00:42:20 home-server kernel: pci_bus 0000:00: root bus resource [io  0x0d00-0xffff window]
Dec 03 00:42:20 home-server kernel: pci_bus 0000:00: root bus resource [mem 0x000a0000-0x000bffff window]
Dec 03 00:42:20 home-server kernel: pci_bus 0000:00: root bus resource [mem 0xd6800000-0xf7ffffff window]
Dec 03 00:42:20 home-server kernel: pci_bus 0000:00: root bus resource [mem 0x4000000000-0x7fffffffff window]
Dec 03 00:42:20 home-server kernel: pci_bus 0000:00: root bus resource [mem 0xfc800000-0xfe7fffff window]
Dec 03 00:42:20 home-server kernel: pci_bus 0000:00: root bus resource [bus 00-3e]
Dec 03 00:42:20 home-server kernel: pci 0000:00:00.0: [8086:3ec2] type 00 class 0x060000 conventional PCI endpoint
Dec 03 00:42:20 home-server kernel: pci 0000:00:02.0: [8086:3e92] type 00 class 0x030000 PCIe Root Complex Integrated Endpoint
Dec 03 00:42:20 home-server kernel: pci 0000:00:02.0: BAR 0 [mem 0xf0000000-0xf0ffffff 64bit]
Dec 03 00:42:20 home-server kernel: pci 0000:00:02.0: BAR 2 [mem 0xe0000000-0xefffffff 64bit pref]
Dec 03 00:42:20 home-server kernel: pci 0000:00:02.0: BAR 4 [io  0x4000-0x403f]
Dec 03 00:42:20 home-server kernel: pci 0000:00:02.0: Video device with shadowed ROM at [mem 0x000c0000-0x000dffff]
Dec 03 00:42:20 home-server kernel: pci 0000:00:12.0: [8086:a379] type 00 class 0x118000 conventional PCI endpoint
Dec 03 00:42:20 home-server kernel: pci 0000:00:12.0: BAR 0 [mem 0x4000107000-0x4000107fff 64bit]
Dec 03 00:42:20 home-server kernel: pci 0000:00:14.0: [8086:a36d] type 00 class 0x0c0330 conventional PCI endpoint
Dec 03 00:42:20 home-server kernel: pci 0000:00:14.0: BAR 0 [mem 0xf1200000-0xf120ffff 64bit]
Dec 03 00:42:20 home-server kernel: pci 0000:00:14.0: PME# supported from D3hot D3cold
Dec 03 00:42:20 home-server kernel: pci 0000:00:14.2: [8086:a36f] type 00 class 0x050000 conventional PCI endpoint
Dec 03 00:42:20 home-server kernel: pci 0000:00:14.2: BAR 0 [mem 0xf1212000-0xf1213fff 64bit]
Dec 03 00:42:20 home-server kernel: pci 0000:00:14.2: BAR 2 [mem 0x4000106000-0x4000106fff 64bit]
Dec 03 00:42:20 home-server kernel: pci 0000:00:16.0: [8086:a360] type 00 class 0x078000 conventional PCI endpoint
Dec 03 00:42:20 home-server kernel: pci 0000:00:16.0: BAR 0 [mem 0x4000105000-0x4000105fff 64bit]
Dec 03 00:42:20 home-server kernel: pci 0000:00:16.0: PME# supported from D3hot
Dec 03 00:42:20 home-server kernel: pci 0000:00:17.0: [8086:a352] type 00 class 0x010601 conventional PCI endpoint
Dec 03 00:42:20 home-server kernel: pci 0000:00:17.0: BAR 0 [mem 0xf1210000-0xf1211fff]
Dec 03 00:42:20 home-server kernel: pci 0000:00:17.0: BAR 1 [mem 0xf1216000-0xf12160ff]
Dec 03 00:42:20 home-server kernel: pci 0000:00:17.0: BAR 2 [io  0x4080-0x4087]
Dec 03 00:42:20 home-server kernel: pci 0000:00:17.0: BAR 3 [io  0x4088-0x408b]
Dec 03 00:42:20 home-server kernel: pci 0000:00:17.0: BAR 4 [io  0x4060-0x407f]
Dec 03 00:42:20 home-server kernel: pci 0000:00:17.0: BAR 5 [mem 0xf1215000-0xf12157ff]
Dec 03 00:42:20 home-server kernel: pci 0000:00:17.0: PME# supported from D3hot
Dec 03 00:42:20 home-server kernel: pci 0000:00:1b.0: [8086:a32c] type 01 class 0x060400 PCIe Root Port
Dec 03 00:42:20 home-server kernel: pci 0000:00:1b.0: PCI bridge to [bus 01]
Dec 03 00:42:20 home-server kernel: pci 0000:00:1b.0:   bridge window [mem 0xf1100000-0xf11fffff]
Dec 03 00:42:20 home-server kernel: pci 0000:00:1b.0: PME# supported from D0 D3hot D3cold
Dec 03 00:42:20 home-server kernel: pci 0000:00:1b.0: PTM enabled (root), 4ns granularity
Dec 03 00:42:20 home-server kernel: pci 0000:00:1c.0: [8086:a33c] type 01 class 0x060400 PCIe Root Port
Dec 03 00:42:20 home-server kernel: pci 0000:00:1c.0: PCI bridge to [bus 02]
Dec 03 00:42:20 home-server kernel: pci 0000:00:1c.0:   bridge window [io  0x3000-0x3fff]
Dec 03 00:42:20 home-server kernel: pci 0000:00:1c.0:   bridge window [mem 0xf1000000-0xf10fffff]
Dec 03 00:42:20 home-server kernel: pci 0000:00:1c.0: PME# supported from D0 D3hot D3cold
Dec 03 00:42:20 home-server kernel: pci 0000:00:1c.0: PTM enabled (root), 4ns granularity
Dec 03 00:42:20 home-server kernel: pci 0000:00:1f.0: [8086:a308] type 00 class 0x060100 conventional PCI endpoint
Dec 03 00:42:20 home-server kernel: pci 0000:00:1f.3: [8086:a348] type 00 class 0x040300 conventional PCI endpoint
Dec 03 00:42:20 home-server kernel: pci 0000:00:1f.3: BAR 0 [mem 0x4000100000-0x4000103fff 64bit]
Dec 03 00:42:20 home-server kernel: pci 0000:00:1f.3: BAR 4 [mem 0x4000000000-0x40000fffff 64bit]
Dec 03 00:42:20 home-server kernel: pci 0000:00:1f.3: PME# supported from D3hot D3cold
Dec 03 00:42:20 home-server kernel: pci 0000:00:1f.4: [8086:a323] type 00 class 0x0c0500 conventional PCI endpoint
Dec 03 00:42:20 home-server kernel: pci 0000:00:1f.4: BAR 0 [mem 0x4000104000-0x40001040ff 64bit]
Dec 03 00:42:20 home-server kernel: pci 0000:00:1f.4: BAR 4 [io  0xefa0-0xefbf]
Dec 03 00:42:20 home-server kernel: pci 0000:00:1f.5: [8086:a324] type 00 class 0x0c8000 conventional PCI endpoint
Dec 03 00:42:20 home-server kernel: pci 0000:00:1f.5: BAR 0 [mem 0xfe010000-0xfe010fff]
Dec 03 00:42:20 home-server kernel: pci 0000:01:00.0: [2646:2263] type 00 class 0x010802 PCIe Endpoint
Dec 03 00:42:20 home-server kernel: pci 0000:01:00.0: BAR 0 [mem 0xf1100000-0xf1103fff 64bit]
Dec 03 00:42:20 home-server kernel: pci 0000:00:1b.0: PCI bridge to [bus 01]
Dec 03 00:42:20 home-server kernel: pci 0000:02:00.0: [10ec:8168] type 00 class 0x020000 PCIe Endpoint
Dec 03 00:42:20 home-server kernel: pci 0000:02:00.0: BAR 0 [io  0x3000-0x30ff]
Dec 03 00:42:20 home-server kernel: pci 0000:02:00.0: BAR 2 [mem 0xf1004000-0xf1004fff 64bit]
Dec 03 00:42:20 home-server kernel: pci 0000:02:00.0: BAR 4 [mem 0xf1000000-0xf1003fff 64bit]
Dec 03 00:42:20 home-server kernel: pci 0000:02:00.0: supports D1 D2
Dec 03 00:42:20 home-server kernel: pci 0000:02:00.0: PME# supported from D0 D1 D2 D3hot D3cold
Dec 03 00:42:20 home-server kernel: pci 0000:00:1c.0: PCI bridge to [bus 02]
Dec 03 00:42:20 home-server kernel: ACPI: EC: interrupt unblocked
Dec 03 00:42:20 home-server kernel: ACPI: EC: event unblocked
Dec 03 00:42:20 home-server kernel: ACPI: EC: EC_CMD/EC_SC=0x66, EC_DATA=0x62
Dec 03 00:42:20 home-server kernel: ACPI: EC: GPE=0x6e
Dec 03 00:42:20 home-server kernel: ACPI: \_SB_.PCI0.LPCB.EC0_: Boot DSDT EC initialization complete
Dec 03 00:42:20 home-server kernel: ACPI: \_SB_.PCI0.LPCB.EC0_: EC: Used to handle transactions and events
Dec 03 00:42:20 home-server kernel: iommu: Default domain type: Translated
Dec 03 00:42:20 home-server kernel: iommu: DMA domain TLB invalidation policy: lazy mode
Dec 03 00:42:20 home-server kernel: SCSI subsystem initialized
Dec 03 00:42:20 home-server kernel: libata version 3.00 loaded.
Dec 03 00:42:20 home-server kernel: ACPI: bus type USB registered
Dec 03 00:42:20 home-server kernel: usbcore: registered new interface driver usbfs
Dec 03 00:42:20 home-server kernel: usbcore: registered new interface driver hub
Dec 03 00:42:20 home-server kernel: usbcore: registered new device driver usb
Dec 03 00:42:20 home-server kernel: pps_core: LinuxPPS API ver. 1 registered
Dec 03 00:42:20 home-server kernel: pps_core: Software ver. 5.3.6 - Copyright 2005-2007 Rodolfo Giometti <giometti@linux.it>
Dec 03 00:42:20 home-server kernel: PTP clock support registered
Dec 03 00:42:20 home-server kernel: EDAC MC: Ver: 3.0.0
Dec 03 00:42:20 home-server kernel: efivars: Registered efivars operations
Dec 03 00:42:20 home-server kernel: NetLabel: Initializing
Dec 03 00:42:20 home-server kernel: NetLabel:  domain hash size = 128
Dec 03 00:42:20 home-server kernel: NetLabel:  protocols = UNLABELED CIPSOv4 CALIPSO
Dec 03 00:42:20 home-server kernel: NetLabel:  unlabeled traffic allowed by default
Dec 03 00:42:20 home-server kernel: mctp: management component transport protocol core
Dec 03 00:42:20 home-server kernel: NET: Registered PF_MCTP protocol family
Dec 03 00:42:20 home-server kernel: PCI: Using ACPI for IRQ routing
Dec 03 00:42:20 home-server kernel: PCI: pci_cache_line_size set to 64 bytes
Dec 03 00:42:20 home-server kernel: e820: reserve RAM buffer [mem 0x0005c000-0x0005ffff]
Dec 03 00:42:20 home-server kernel: e820: reserve RAM buffer [mem 0xac793018-0xafffffff]
Dec 03 00:42:20 home-server kernel: e820: reserve RAM buffer [mem 0xce728000-0xcfffffff]
Dec 03 00:42:20 home-server kernel: e820: reserve RAM buffer [mem 0xcfc10000-0xcfffffff]
Dec 03 00:42:20 home-server kernel: e820: reserve RAM buffer [mem 0x227800000-0x227ffffff]
Dec 03 00:42:20 home-server kernel: pci 0000:00:02.0: vgaarb: setting as boot VGA device
Dec 03 00:42:20 home-server kernel: pci 0000:00:02.0: vgaarb: bridge control possible
Dec 03 00:42:20 home-server kernel: pci 0000:00:02.0: vgaarb: VGA device added: decodes=io+mem,owns=io+mem,locks=none
Dec 03 00:42:20 home-server kernel: vgaarb: loaded
Dec 03 00:42:20 home-server kernel: clocksource: Switched to clocksource tsc-early
Dec 03 00:42:20 home-server kernel: VFS: Disk quotas dquot_6.6.0
Dec 03 00:42:20 home-server kernel: VFS: Dquot-cache hash table entries: 512 (order 0, 4096 bytes)
Dec 03 00:42:20 home-server kernel: AppArmor: AppArmor Filesystem Enabled
Dec 03 00:42:20 home-server kernel: pnp: PnP ACPI init
Dec 03 00:42:20 home-server kernel: system 00:00: [mem 0x40000000-0x403fffff] could not be reserved
Dec 03 00:42:20 home-server kernel: system 00:01: [io  0x1800-0x18fe] has been reserved
Dec 03 00:42:20 home-server kernel: system 00:01: [mem 0xfd000000-0xfd69ffff] has been reserved
Dec 03 00:42:20 home-server kernel: system 00:01: [mem 0xfd6c0000-0xfd6cffff] has been reserved
Dec 03 00:42:20 home-server kernel: system 00:01: [mem 0xfd6f0000-0xfdffffff] has been reserved
Dec 03 00:42:20 home-server kernel: system 00:01: [mem 0xfe000000-0xfe01ffff] could not be reserved
Dec 03 00:42:20 home-server kernel: system 00:01: [mem 0xfe200000-0xfe7fffff] has been reserved
Dec 03 00:42:20 home-server kernel: system 00:01: [mem 0xff000000-0xffffffff] has been reserved
Dec 03 00:42:20 home-server kernel: system 00:02: [io  0x2000-0x20fe] has been reserved
Dec 03 00:42:20 home-server kernel: system 00:03: [io  0x0680-0x069f] has been reserved
Dec 03 00:42:20 home-server kernel: system 00:03: [io  0x164e-0x164f] has been reserved
Dec 03 00:42:20 home-server kernel: system 00:05: [io  0x1854-0x1857] has been reserved
Dec 03 00:42:20 home-server kernel: system 00:06: [io  0x0200-0x023f] has been reserved
Dec 03 00:42:20 home-server kernel: system 00:06: [mem 0xfedb0000-0xfedbffff] has been reserved
Dec 03 00:42:20 home-server kernel: system 00:07: [mem 0xfd6e0000-0xfd6effff] has been reserved
Dec 03 00:42:20 home-server kernel: system 00:07: [mem 0xfd6d0000-0xfd6dffff] has been reserved
Dec 03 00:42:20 home-server kernel: system 00:07: [mem 0xfd6b0000-0xfd6bffff] has been reserved
Dec 03 00:42:20 home-server kernel: system 00:07: [mem 0xfd6a0000-0xfd6affff] has been reserved
Dec 03 00:42:20 home-server kernel: system 00:09: [mem 0xfed10000-0xfed17fff] has been reserved
Dec 03 00:42:20 home-server kernel: system 00:09: [mem 0xfed18000-0xfed18fff] has been reserved
Dec 03 00:42:20 home-server kernel: system 00:09: [mem 0xfed19000-0xfed19fff] has been reserved
Dec 03 00:42:20 home-server kernel: system 00:09: [mem 0xf8000000-0xfbffffff] has been reserved
Dec 03 00:42:20 home-server kernel: system 00:09: [mem 0xfed20000-0xfed3ffff] has been reserved
Dec 03 00:42:20 home-server kernel: system 00:09: [mem 0xfed90000-0xfed93fff] could not be reserved
Dec 03 00:42:20 home-server kernel: system 00:09: [mem 0xfed45000-0xfed8ffff] has been reserved
Dec 03 00:42:20 home-server kernel: system 00:09: [mem 0xfee00000-0xfeefffff] has been reserved
Dec 03 00:42:20 home-server kernel: pnp: PnP ACPI: found 10 devices
Dec 03 00:42:20 home-server kernel: clocksource: acpi_pm: mask: 0xffffff max_cycles: 0xffffff, max_idle_ns: 2085701024 ns
Dec 03 00:42:20 home-server kernel: NET: Registered PF_INET protocol family
Dec 03 00:42:20 home-server kernel: IP idents hash table entries: 131072 (order: 8, 1048576 bytes, linear)
Dec 03 00:42:20 home-server kernel: tcp_listen_portaddr_hash hash table entries: 4096 (order: 4, 65536 bytes, linear)
Dec 03 00:42:20 home-server kernel: Table-perturb hash table entries: 65536 (order: 6, 262144 bytes, linear)
Dec 03 00:42:20 home-server kernel: TCP established hash table entries: 65536 (order: 7, 524288 bytes, linear)
Dec 03 00:42:20 home-server kernel: TCP bind hash table entries: 65536 (order: 9, 2097152 bytes, linear)
Dec 03 00:42:20 home-server kernel: TCP: Hash tables configured (established 65536 bind 65536)
Dec 03 00:42:20 home-server kernel: MPTCP token hash table entries: 8192 (order: 5, 196608 bytes, linear)
Dec 03 00:42:20 home-server kernel: UDP hash table entries: 4096 (order: 5, 131072 bytes, linear)
Dec 03 00:42:20 home-server kernel: UDP-Lite hash table entries: 4096 (order: 5, 131072 bytes, linear)
Dec 03 00:42:20 home-server kernel: NET: Registered PF_UNIX/PF_LOCAL protocol family
Dec 03 00:42:20 home-server kernel: NET: Registered PF_XDP protocol family
Dec 03 00:42:20 home-server kernel: pci 0000:00:1b.0: PCI bridge to [bus 01]
Dec 03 00:42:20 home-server kernel: pci 0000:00:1b.0:   bridge window [mem 0xf1100000-0xf11fffff]
Dec 03 00:42:20 home-server kernel: pci 0000:00:1c.0: PCI bridge to [bus 02]
Dec 03 00:42:20 home-server kernel: pci 0000:00:1c.0:   bridge window [io  0x3000-0x3fff]
Dec 03 00:42:20 home-server kernel: pci 0000:00:1c.0:   bridge window [mem 0xf1000000-0xf10fffff]
Dec 03 00:42:20 home-server kernel: pci_bus 0000:00: resource 4 [io  0x0000-0x0cf7 window]
Dec 03 00:42:20 home-server kernel: pci_bus 0000:00: resource 5 [io  0x0d00-0xffff window]
Dec 03 00:42:20 home-server kernel: pci_bus 0000:00: resource 6 [mem 0x000a0000-0x000bffff window]
Dec 03 00:42:20 home-server kernel: pci_bus 0000:00: resource 7 [mem 0xd6800000-0xf7ffffff window]
Dec 03 00:42:20 home-server kernel: pci_bus 0000:00: resource 8 [mem 0x4000000000-0x7fffffffff window]
Dec 03 00:42:20 home-server kernel: pci_bus 0000:00: resource 9 [mem 0xfc800000-0xfe7fffff window]
Dec 03 00:42:20 home-server kernel: pci_bus 0000:01: resource 1 [mem 0xf1100000-0xf11fffff]
Dec 03 00:42:20 home-server kernel: pci_bus 0000:02: resource 0 [io  0x3000-0x3fff]
Dec 03 00:42:20 home-server kernel: pci_bus 0000:02: resource 1 [mem 0xf1000000-0xf10fffff]
Dec 03 00:42:20 home-server kernel: PCI: CLS 0 bytes, default 64
Dec 03 00:42:20 home-server kernel: DMAR: No ATSR found
Dec 03 00:42:20 home-server kernel: DMAR: No SATC found
Dec 03 00:42:20 home-server kernel: DMAR: IOMMU feature fl1gp_support inconsistent
Dec 03 00:42:20 home-server kernel: DMAR: IOMMU feature pgsel_inv inconsistent
Dec 03 00:42:20 home-server kernel: DMAR: IOMMU feature nwfs inconsistent
Dec 03 00:42:20 home-server kernel: DMAR: IOMMU feature pasid inconsistent
Dec 03 00:42:20 home-server kernel: DMAR: IOMMU feature eafs inconsistent
Dec 03 00:42:20 home-server kernel: DMAR: IOMMU feature prs inconsistent
Dec 03 00:42:20 home-server kernel: DMAR: IOMMU feature nest inconsistent
Dec 03 00:42:20 home-server kernel: DMAR: IOMMU feature mts inconsistent
Dec 03 00:42:20 home-server kernel: DMAR: IOMMU feature sc_support inconsistent
Dec 03 00:42:20 home-server kernel: DMAR: IOMMU feature dev_iotlb_support inconsistent
Dec 03 00:42:20 home-server kernel: DMAR: dmar0: Using Queued invalidation
Dec 03 00:42:20 home-server kernel: Trying to unpack rootfs image as initramfs...
Dec 03 00:42:20 home-server kernel: DMAR: dmar1: Using Queued invalidation
Dec 03 00:42:20 home-server kernel: pci 0000:00:02.0: Adding to iommu group 0
Dec 03 00:42:20 home-server kernel: pci 0000:00:00.0: Adding to iommu group 1
Dec 03 00:42:20 home-server kernel: pci 0000:00:12.0: Adding to iommu group 2
Dec 03 00:42:20 home-server kernel: pci 0000:00:14.0: Adding to iommu group 3
Dec 03 00:42:20 home-server kernel: pci 0000:00:14.2: Adding to iommu group 3
Dec 03 00:42:20 home-server kernel: pci 0000:00:16.0: Adding to iommu group 4
Dec 03 00:42:20 home-server kernel: pci 0000:00:17.0: Adding to iommu group 5
Dec 03 00:42:20 home-server kernel: pci 0000:00:1b.0: Adding to iommu group 6
Dec 03 00:42:20 home-server kernel: pci 0000:00:1c.0: Adding to iommu group 7
Dec 03 00:42:20 home-server kernel: pci 0000:00:1f.0: Adding to iommu group 8
Dec 03 00:42:20 home-server kernel: pci 0000:00:1f.3: Adding to iommu group 8
Dec 03 00:42:20 home-server kernel: pci 0000:00:1f.4: Adding to iommu group 8
Dec 03 00:42:20 home-server kernel: pci 0000:00:1f.5: Adding to iommu group 8
Dec 03 00:42:20 home-server kernel: pci 0000:01:00.0: Adding to iommu group 9
Dec 03 00:42:20 home-server kernel: pci 0000:02:00.0: Adding to iommu group 10
Dec 03 00:42:20 home-server kernel: DMAR: Intel(R) Virtualization Technology for Directed I/O
Dec 03 00:42:20 home-server kernel: PCI-DMA: Using software bounce buffering for IO (SWIOTLB)
Dec 03 00:42:20 home-server kernel: software IO TLB: mapped [mem 0x00000000bb1f7000-0x00000000bf1f7000] (64MB)
Dec 03 00:42:20 home-server kernel: Initialise system trusted keyrings
Dec 03 00:42:20 home-server kernel: Key type blacklist registered
Dec 03 00:42:20 home-server kernel: workingset: timestamp_bits=36 max_order=21 bucket_order=0
Dec 03 00:42:20 home-server kernel: zbud: loaded
Dec 03 00:42:20 home-server kernel: squashfs: version 4.0 (2009/01/31) Phillip Lougher
Dec 03 00:42:20 home-server kernel: fuse: init (API version 7.39)
Dec 03 00:42:20 home-server kernel: integrity: Platform Keyring initialized
Dec 03 00:42:20 home-server kernel: integrity: Machine keyring initialized
Dec 03 00:42:20 home-server kernel: Key type asymmetric registered
Dec 03 00:42:20 home-server kernel: Asymmetric key parser 'x509' registered
Dec 03 00:42:20 home-server kernel: Block layer SCSI generic (bsg) driver version 0.4 loaded (major 243)
Dec 03 00:42:20 home-server kernel: io scheduler mq-deadline registered
Dec 03 00:42:20 home-server kernel: pcieport 0000:00:1b.0: PME: Signaling with IRQ 122
Dec 03 00:42:20 home-server kernel: pcieport 0000:00:1b.0: AER: enabled with IRQ 122
Dec 03 00:42:20 home-server kernel: pcieport 0000:00:1b.0: DPC: enabled with IRQ 122
Dec 03 00:42:20 home-server kernel: pcieport 0000:00:1b.0: DPC: error containment capabilities: Int Msg #0, RPExt+ PoisonedTLP+ SwTrigger+ RP PIO Log 4, DL_ActiveErr+
Dec 03 00:42:20 home-server kernel: pcieport 0000:00:1c.0: PME: Signaling with IRQ 123
Dec 03 00:42:20 home-server kernel: pcieport 0000:00:1c.0: AER: enabled with IRQ 123
Dec 03 00:42:20 home-server kernel: pcieport 0000:00:1c.0: DPC: enabled with IRQ 123
Dec 03 00:42:20 home-server kernel: pcieport 0000:00:1c.0: DPC: error containment capabilities: Int Msg #0, RPExt+ PoisonedTLP+ SwTrigger+ RP PIO Log 4, DL_ActiveErr+
Dec 03 00:42:20 home-server kernel: shpchp: Standard Hot Plug PCI Controller Driver version: 0.4
Dec 03 00:42:20 home-server kernel: input: Sleep Button as /devices/LNXSYSTM:00/LNXSYBUS:00/PNP0C0E:00/input/input0
Dec 03 00:42:20 home-server kernel: ACPI: button: Sleep Button [SLPB]
Dec 03 00:42:20 home-server kernel: input: Power Button as /devices/LNXSYSTM:00/LNXSYBUS:00/PNP0C0C:00/input/input1
Dec 03 00:42:20 home-server kernel: ACPI: button: Power Button [PWRB]
Dec 03 00:42:20 home-server kernel: input: Power Button as /devices/LNXSYSTM:00/LNXPWRBN:00/input/input2
Dec 03 00:42:20 home-server kernel: ACPI: button: Power Button [PWRF]
Dec 03 00:42:20 home-server kernel: Serial: 8250/16550 driver, 32 ports, IRQ sharing enabled
Dec 03 00:42:20 home-server kernel: hpet_acpi_add: no address or irqs in _CRS
Dec 03 00:42:20 home-server kernel: Linux agpgart interface v0.103
Dec 03 00:42:20 home-server kernel: tpm_tis IFX0763:00: 2.0 TPM (device-id 0x1B, rev-id 16)
Dec 03 00:42:20 home-server kernel: loop: module loaded
Dec 03 00:42:20 home-server kernel: ACPI: bus type drm_connector registered
Dec 03 00:42:20 home-server kernel: tun: Universal TUN/TAP device driver, 1.6
Dec 03 00:42:20 home-server kernel: PPP generic driver version 2.4.2
Dec 03 00:42:20 home-server kernel: i8042: PNP: No PS/2 controller found.
Dec 03 00:42:20 home-server kernel: mousedev: PS/2 mouse device common for all mice
Dec 03 00:42:20 home-server kernel: rtc_cmos 00:04: RTC can wake from S4
Dec 03 00:42:20 home-server kernel: rtc_cmos 00:04: registered as rtc0
Dec 03 00:42:20 home-server kernel: rtc_cmos 00:04: setting system clock to 2024-12-03T00:42:16 UTC (1733186536)
Dec 03 00:42:20 home-server kernel: rtc_cmos 00:04: alarms up to one month, y3k, 242 bytes nvram
Dec 03 00:42:20 home-server kernel: i2c_dev: i2c /dev entries driver
Dec 03 00:42:20 home-server kernel: device-mapper: core: CONFIG_IMA_DISABLE_HTABLE is disabled. Duplicate IMA measurements will not be recorded in the IMA log.
Dec 03 00:42:20 home-server kernel: device-mapper: uevent: version 1.0.3
Dec 03 00:42:20 home-server kernel: device-mapper: ioctl: 4.48.0-ioctl (2023-03-01) initialised: dm-devel@redhat.com
Dec 03 00:42:20 home-server kernel: platform eisa.0: Probing EISA bus 0
Dec 03 00:42:20 home-server kernel: platform eisa.0: EISA: Cannot allocate resource for mainboard
Dec 03 00:42:20 home-server kernel: platform eisa.0: Cannot allocate resource for EISA slot 1
Dec 03 00:42:20 home-server kernel: platform eisa.0: Cannot allocate resource for EISA slot 2
Dec 03 00:42:20 home-server kernel: platform eisa.0: Cannot allocate resource for EISA slot 3
Dec 03 00:42:20 home-server kernel: platform eisa.0: Cannot allocate resource for EISA slot 4
Dec 03 00:42:20 home-server kernel: platform eisa.0: Cannot allocate resource for EISA slot 5
Dec 03 00:42:20 home-server kernel: platform eisa.0: Cannot allocate resource for EISA slot 6
Dec 03 00:42:20 home-server kernel: platform eisa.0: Cannot allocate resource for EISA slot 7
Dec 03 00:42:20 home-server kernel: platform eisa.0: Cannot allocate resource for EISA slot 8
Dec 03 00:42:20 home-server kernel: platform eisa.0: EISA: Detected 0 cards
Dec 03 00:42:20 home-server kernel: intel_pstate: Intel P-state driver initializing
Dec 03 00:42:20 home-server kernel: intel_pstate: Disabling energy efficiency optimization
Dec 03 00:42:20 home-server kernel: intel_pstate: HWP enabled
Dec 03 00:42:20 home-server kernel: ledtrig-cpu: registered to indicate activity on CPUs
Dec 03 00:42:20 home-server kernel: drop_monitor: Initializing network drop monitor service
Dec 03 00:42:20 home-server kernel: NET: Registered PF_INET6 protocol family
Dec 03 00:42:20 home-server kernel: Freeing initrd memory: 65580K
Dec 03 00:42:20 home-server kernel: Segment Routing with IPv6
Dec 03 00:42:20 home-server kernel: In-situ OAM (IOAM) with IPv6
Dec 03 00:42:20 home-server kernel: NET: Registered PF_PACKET protocol family
Dec 03 00:42:20 home-server kernel: Key type dns_resolver registered
Dec 03 00:42:20 home-server kernel: ENERGY_PERF_BIAS: Set to 'normal', was 'performance'
Dec 03 00:42:20 home-server kernel: microcode: Current revision: 0x000000f8
Dec 03 00:42:20 home-server kernel: microcode: Updated early from: 0x000000f6
Dec 03 00:42:20 home-server kernel: IPI shorthand broadcast: enabled
Dec 03 00:42:20 home-server kernel: sched_clock: Marking stable (519001233, 13874359)->(607278328, -74402736)
Dec 03 00:42:20 home-server kernel: registered taskstats version 1
Dec 03 00:42:20 home-server kernel: Loading compiled-in X.509 certificates
Dec 03 00:42:20 home-server kernel: Loaded X.509 cert 'Build time autogenerated kernel key: 180c201d5cfa28dde71b90ec75ff54b1d7618844'
Dec 03 00:42:20 home-server kernel: Loaded X.509 cert 'Canonical Ltd. Live Patch Signing: 14df34d1a87cf37625abec039ef2bf521249b969'
Dec 03 00:42:20 home-server kernel: Loaded X.509 cert 'Canonical Ltd. Kernel Module Signing: 88f752e560a1e0737e31163a466ad7b70a850c19'
Dec 03 00:42:20 home-server kernel: blacklist: Loading compiled-in revocation X.509 certificates
Dec 03 00:42:20 home-server kernel: Loaded X.509 cert 'Canonical Ltd. Secure Boot Signing: 61482aa2830d0ab2ad5af10b7250da9033ddcef0'
Dec 03 00:42:20 home-server kernel: Loaded X.509 cert 'Canonical Ltd. Secure Boot Signing (2017): 242ade75ac4a15e50d50c84b0d45ff3eae707a03'
Dec 03 00:42:20 home-server kernel: Loaded X.509 cert 'Canonical Ltd. Secure Boot Signing (ESM 2018): 365188c1d374d6b07c3c8f240f8ef722433d6a8b'
Dec 03 00:42:20 home-server kernel: Loaded X.509 cert 'Canonical Ltd. Secure Boot Signing (2019): c0746fd6c5da3ae827864651ad66ae47fe24b3e8'
Dec 03 00:42:20 home-server kernel: Loaded X.509 cert 'Canonical Ltd. Secure Boot Signing (2021 v1): a8d54bbb3825cfb94fa13c9f8a594a195c107b8d'
Dec 03 00:42:20 home-server kernel: Loaded X.509 cert 'Canonical Ltd. Secure Boot Signing (2021 v2): 4cf046892d6fd3c9a5b03f98d845f90851dc6a8c'
Dec 03 00:42:20 home-server kernel: Loaded X.509 cert 'Canonical Ltd. Secure Boot Signing (2021 v3): 100437bb6de6e469b581e61cd66bce3ef4ed53af'
Dec 03 00:42:20 home-server kernel: Loaded X.509 cert 'Canonical Ltd. Secure Boot Signing (Ubuntu Core 2019): c1d57b8f6b743f23ee41f4f7ee292f06eecadfb9'
Dec 03 00:42:20 home-server kernel: Key type .fscrypt registered
Dec 03 00:42:20 home-server kernel: Key type fscrypt-provisioning registered
Dec 03 00:42:20 home-server kernel: Key type trusted registered
Dec 03 00:42:20 home-server kernel: cryptd: max_cpu_qlen set to 1000
Dec 03 00:42:20 home-server kernel: AVX2 version of gcm_enc/dec engaged.
Dec 03 00:42:20 home-server kernel: AES CTR mode by8 optimization enabled
Dec 03 00:42:20 home-server kernel: Key type encrypted registered
Dec 03 00:42:20 home-server kernel: AppArmor: AppArmor sha256 policy hashing enabled
Dec 03 00:42:20 home-server kernel: integrity: Loading X.509 certificate: UEFI:db
Dec 03 00:42:20 home-server kernel: integrity: Loaded X.509 cert 'HP Inc.: HP UEFI Secure Boot DB 2017: d9c01b50cfcae89d3b05345c163aa76e5dd589e7'
Dec 03 00:42:20 home-server kernel: integrity: Loading X.509 certificate: UEFI:db
Dec 03 00:42:20 home-server kernel: integrity: Loaded X.509 cert 'Hewlett-Packard Company: HP UEFI Secure Boot 2013 DB key: 1d7cf2c2b92673f69c8ee1ec7063967ab9b62bec'
Dec 03 00:42:20 home-server kernel: integrity: Loading X.509 certificate: UEFI:db
Dec 03 00:42:20 home-server kernel: integrity: Loaded X.509 cert 'Microsoft Windows Production PCA 2011: a92902398e16c49778cd90f99e4f9ae17c55af53'
Dec 03 00:42:20 home-server kernel: integrity: Loading X.509 certificate: UEFI:db
Dec 03 00:42:20 home-server kernel: integrity: Loaded X.509 cert 'Microsoft Corporation UEFI CA 2011: 13adbf4309bd82709c8cd54f316ed522988a1bd4'
Dec 03 00:42:20 home-server kernel: Loading compiled-in module X.509 certificates
Dec 03 00:42:20 home-server kernel: Loaded X.509 cert 'Build time autogenerated kernel key: 180c201d5cfa28dde71b90ec75ff54b1d7618844'
Dec 03 00:42:20 home-server kernel: ima: Allocated hash algorithm: sha256
Dec 03 00:42:20 home-server kernel: ima: No architecture policies found
Dec 03 00:42:20 home-server kernel: evm: Initialising EVM extended attributes:
Dec 03 00:42:20 home-server kernel: evm: security.selinux
Dec 03 00:42:20 home-server kernel: evm: security.SMACK64
Dec 03 00:42:20 home-server kernel: evm: security.SMACK64EXEC
Dec 03 00:42:20 home-server kernel: evm: security.SMACK64TRANSMUTE
Dec 03 00:42:20 home-server kernel: evm: security.SMACK64MMAP
Dec 03 00:42:20 home-server kernel: evm: security.apparmor
Dec 03 00:42:20 home-server kernel: evm: security.ima
Dec 03 00:42:20 home-server kernel: evm: security.capability
Dec 03 00:42:20 home-server kernel: evm: HMAC attrs: 0x1
Dec 03 00:42:20 home-server kernel: PM:   Magic number: 4:941:707
Dec 03 00:42:20 home-server kernel: RAS: Correctable Errors collector initialized.
Dec 03 00:42:20 home-server kernel: clk: Disabling unused clocks
Dec 03 00:42:20 home-server kernel: Freeing unused decrypted memory: 2028K
Dec 03 00:42:20 home-server kernel: Freeing unused kernel image (initmem) memory: 4976K
Dec 03 00:42:20 home-server kernel: Write protecting the kernel read-only data: 36864k
Dec 03 00:42:20 home-server kernel: Freeing unused kernel image (rodata/data gap) memory: 20K
Dec 03 00:42:20 home-server kernel: x86/mm: Checked W+X mappings: passed, no W+X pages found.
Dec 03 00:42:20 home-server kernel: x86/mm: Checking user space page tables
Dec 03 00:42:20 home-server kernel: x86/mm: Checked W+X mappings: passed, no W+X pages found.
Dec 03 00:42:20 home-server kernel: Run /init as init process
Dec 03 00:42:20 home-server kernel:   with arguments:
Dec 03 00:42:20 home-server kernel:     /init
Dec 03 00:42:20 home-server kernel:   with environment:
Dec 03 00:42:20 home-server kernel:     HOME=/
Dec 03 00:42:20 home-server kernel:     TERM=linux
Dec 03 00:42:20 home-server kernel:     BOOT_IMAGE=/boot/vmlinuz-6.8.0-49-generic
Dec 03 00:42:20 home-server kernel: wmi_bus wmi_bus-PNP0C14:00: [Firmware Info]: DF4E63B6-3BBC-4858-9737-C74F82F821F3 has zero instances
Dec 03 00:42:20 home-server kernel: wmi_bus wmi_bus-PNP0C14:00: [Firmware Info]: 8F1F6436-9F42-42C8-BADC-0E9424F20C9A has zero instances
Dec 03 00:42:20 home-server kernel: acpi PNP0C14:02: duplicate WMI GUID 2B814318-4BE8-4707-9D84-A190A859B5D0 (first instance was on PNP0C14:00)
Dec 03 00:42:20 home-server kernel: acpi PNP0C14:02: duplicate WMI GUID 41227C2D-80E1-423F-8B8E-87E32755A0EB (first instance was on PNP0C14:00)
Dec 03 00:42:20 home-server kernel: wmi_bus wmi_bus-PNP0C14:02: WQZZ data block query control method not found
Dec 03 00:42:20 home-server kernel: xhci_hcd 0000:00:14.0: xHCI Host Controller
Dec 03 00:42:20 home-server kernel: xhci_hcd 0000:00:14.0: new USB bus registered, assigned bus number 1
Dec 03 00:42:20 home-server kernel: xhci_hcd 0000:00:14.0: hcc params 0x200077c1 hci version 0x110 quirks 0x0000000000009810
Dec 03 00:42:20 home-server kernel: xhci_hcd 0000:00:14.0: xHCI Host Controller
Dec 03 00:42:20 home-server kernel: xhci_hcd 0000:00:14.0: new USB bus registered, assigned bus number 2
Dec 03 00:42:20 home-server kernel: xhci_hcd 0000:00:14.0: Host supports USB 3.1 Enhanced SuperSpeed
Dec 03 00:42:20 home-server kernel: usb usb1: New USB device found, idVendor=1d6b, idProduct=0002, bcdDevice= 6.08
Dec 03 00:42:20 home-server kernel: usb usb1: New USB device strings: Mfr=3, Product=2, SerialNumber=1
Dec 03 00:42:20 home-server kernel: usb usb1: Product: xHCI Host Controller
Dec 03 00:42:20 home-server kernel: usb usb1: Manufacturer: Linux 6.8.0-49-generic xhci-hcd
Dec 03 00:42:20 home-server kernel: usb usb1: SerialNumber: 0000:00:14.0
Dec 03 00:42:20 home-server kernel: ahci 0000:00:17.0: version 3.0
Dec 03 00:42:20 home-server kernel: hub 1-0:1.0: USB hub found
Dec 03 00:42:20 home-server kernel: hub 1-0:1.0: 16 ports detected
Dec 03 00:42:20 home-server kernel: ahci 0000:00:17.0: AHCI 0001.0301 32 slots 5 ports 6 Gbps 0x3e impl SATA mode
Dec 03 00:42:20 home-server kernel: ahci 0000:00:17.0: flags: 64bit ncq sntf pm clo only pio slum part ems deso sadm sds apst 
Dec 03 00:42:20 home-server kernel: r8169 0000:02:00.0: enabling device (0100 -> 0103)
Dec 03 00:42:20 home-server kernel: r8169 0000:02:00.0: can't disable ASPM; OS doesn't have ASPM control
Dec 03 00:42:20 home-server kernel: usb usb2: New USB device found, idVendor=1d6b, idProduct=0003, bcdDevice= 6.08
Dec 03 00:42:20 home-server kernel: usb usb2: New USB device strings: Mfr=3, Product=2, SerialNumber=1
Dec 03 00:42:20 home-server kernel: usb usb2: Product: xHCI Host Controller
Dec 03 00:42:20 home-server kernel: usb usb2: Manufacturer: Linux 6.8.0-49-generic xhci-hcd
Dec 03 00:42:20 home-server kernel: usb usb2: SerialNumber: 0000:00:14.0
Dec 03 00:42:20 home-server kernel: hub 2-0:1.0: USB hub found
Dec 03 00:42:20 home-server kernel: hub 2-0:1.0: 6 ports detected
Dec 03 00:42:20 home-server kernel: r8169 0000:02:00.0 eth0: RTL8168h/8111h, b0:0c:d1:65:bd:51, XID 541, IRQ 132
Dec 03 00:42:20 home-server kernel: r8169 0000:02:00.0 eth0: jumbo features [frames: 9194 bytes, tx checksumming: ko]
Dec 03 00:42:20 home-server kernel: nvme nvme0: pci function 0000:01:00.0
Dec 03 00:42:20 home-server kernel: scsi host0: ahci
Dec 03 00:42:20 home-server kernel: scsi host1: ahci
Dec 03 00:42:20 home-server kernel: scsi host2: ahci
Dec 03 00:42:20 home-server kernel: scsi host3: ahci
Dec 03 00:42:20 home-server kernel: scsi host4: ahci
Dec 03 00:42:20 home-server kernel: scsi host5: ahci
Dec 03 00:42:20 home-server kernel: ata1: DUMMY
Dec 03 00:42:20 home-server kernel: ata2: SATA max UDMA/133 abar m2048@0xf1215000 port 0xf1215180 irq 131 lpm-pol 0
Dec 03 00:42:20 home-server kernel: ata3: SATA max UDMA/133 abar m2048@0xf1215000 port 0xf1215200 irq 131 lpm-pol 0
Dec 03 00:42:20 home-server kernel: ata4: SATA max UDMA/133 abar m2048@0xf1215000 port 0xf1215280 irq 131 lpm-pol 0
Dec 03 00:42:20 home-server kernel: ata5: SATA max UDMA/133 abar m2048@0xf1215000 port 0xf1215300 irq 131 lpm-pol 0
Dec 03 00:42:20 home-server kernel: ata6: SATA max UDMA/133 abar m2048@0xf1215000 port 0xf1215380 irq 131 lpm-pol 0
Dec 03 00:42:20 home-server kernel: nvme nvme0: missing or invalid SUBNQN field.
Dec 03 00:42:20 home-server kernel: r8169 0000:02:00.0 enp2s0: renamed from eth0
Dec 03 00:42:20 home-server kernel: nvme nvme0: 6/0/0 default/read/poll queues
Dec 03 00:42:20 home-server kernel:  nvme0n1: p1 p2
Dec 03 00:42:20 home-server kernel: ata5: SATA link down (SStatus 4 SControl 300)
Dec 03 00:42:20 home-server kernel: ata6: SATA link down (SStatus 4 SControl 300)
Dec 03 00:42:20 home-server kernel: ata3: SATA link down (SStatus 4 SControl 300)
Dec 03 00:42:20 home-server kernel: ata4: SATA link down (SStatus 4 SControl 300)
Dec 03 00:42:20 home-server kernel: ata2: SATA link up 6.0 Gbps (SStatus 133 SControl 300)
Dec 03 00:42:20 home-server kernel: ata2.00: ACPI cmd f5/00:00:00:00:00:e0(SECURITY FREEZE LOCK) filtered out
Dec 03 00:42:20 home-server kernel: ata2.00: ACPI cmd b1/c1:00:00:00:00:e0(DEVICE CONFIGURATION OVERLAY) filtered out
Dec 03 00:42:20 home-server kernel: ata2.00: ATA-9: HGST HTS721010A9E630, JB0OA3T0, max UDMA/133
Dec 03 00:42:20 home-server kernel: ata2.00: 1953525168 sectors, multi 16: LBA48 NCQ (depth 32), AA
Dec 03 00:42:20 home-server kernel: ata2.00: ACPI cmd f5/00:00:00:00:00:e0(SECURITY FREEZE LOCK) filtered out
Dec 03 00:42:20 home-server kernel: ata2.00: ACPI cmd b1/c1:00:00:00:00:e0(DEVICE CONFIGURATION OVERLAY) filtered out
Dec 03 00:42:20 home-server kernel: ata2.00: configured for UDMA/133
Dec 03 00:42:20 home-server kernel: scsi 1:0:0:0: Direct-Access     ATA      HGST HTS721010A9 A3T0 PQ: 0 ANSI: 5
Dec 03 00:42:20 home-server kernel: sd 1:0:0:0: Attached scsi generic sg0 type 0
Dec 03 00:42:20 home-server kernel: sd 1:0:0:0: [sda] 1953525168 512-byte logical blocks: (1.00 TB/932 GiB)
Dec 03 00:42:20 home-server kernel: sd 1:0:0:0: [sda] 4096-byte physical blocks
Dec 03 00:42:20 home-server kernel: sd 1:0:0:0: [sda] Write Protect is off
Dec 03 00:42:20 home-server kernel: sd 1:0:0:0: [sda] Mode Sense: 00 3a 00 00
Dec 03 00:42:20 home-server kernel: sd 1:0:0:0: [sda] Write cache: enabled, read cache: enabled, doesn't support DPO or FUA
Dec 03 00:42:20 home-server kernel: sd 1:0:0:0: [sda] Preferred minimum I/O size 4096 bytes
Dec 03 00:42:20 home-server kernel: tsc: Refined TSC clocksource calibration: 2112.003 MHz
Dec 03 00:42:20 home-server kernel: clocksource: tsc: mask: 0xffffffffffffffff max_cycles: 0x1e717b4f62a, max_idle_ns: 440795208866 ns
Dec 03 00:42:20 home-server kernel: clocksource: Switched to clocksource tsc
Dec 03 00:42:20 home-server kernel: sd 1:0:0:0: [sda] Attached SCSI disk
Dec 03 00:42:20 home-server kernel: raid6: avx2x4   gen() 37050 MB/s
Dec 03 00:42:20 home-server kernel: raid6: avx2x2   gen() 35257 MB/s
Dec 03 00:42:20 home-server kernel: raid6: avx2x1   gen() 29198 MB/s
Dec 03 00:42:20 home-server kernel: raid6: using algorithm avx2x4 gen() 37050 MB/s
Dec 03 00:42:20 home-server kernel: raid6: .... xor() 14560 MB/s, rmw enabled
Dec 03 00:42:20 home-server kernel: raid6: using avx2x2 recovery algorithm
Dec 03 00:42:20 home-server kernel: xor: automatically using best checksumming function   avx       
Dec 03 00:42:20 home-server kernel: async_tx: api initialized (async)
Dec 03 00:42:20 home-server kernel: Btrfs loaded, zoned=yes, fsverity=yes
Dec 03 00:42:20 home-server kernel: EXT4-fs (nvme0n1p2): mounted filesystem d0395190-aae1-49a4-8699-be7e2d556956 ro with ordered data mode. Quota mode: none.
Dec 03 00:42:20 home-server systemd[1]: Inserted module 'autofs4'
Dec 03 00:42:20 home-server systemd[1]: systemd 255.4-1ubuntu8.4 running in system mode (+PAM +AUDIT +SELINUX +APPARMOR +IMA +SMACK +SECCOMP +GCRYPT -GNUTLS +OPENSSL +ACL +BLKID +CURL +ELFUTILS +FIDO2 +IDN2 -IDN +IPTC +KMOD +LIBCRYPTSETUP +LIBFDISK +PCRE2 -PWQUALITY +P11KIT +QRENCODE +TPM2 +BZIP2 +LZ4 +XZ +ZLIB +ZSTD -BPF_FRAMEWORK -XKBCOMMON +UTMP +SYSVINIT default-hierarchy=unified)
Dec 03 00:42:20 home-server systemd[1]: Detected architecture x86-64.
Dec 03 00:42:20 home-server systemd[1]: Hostname set to <home-server>.
Dec 03 00:42:20 home-server systemd[1]: Configuration file /run/systemd/system/systemd-networkd-wait-online.service.d/10-netplan.conf is marked world-inaccessible. This has no effect as configuration data is accessible via APIs without restrictions. Proceeding anyway.
Dec 03 00:42:20 home-server systemd[1]: Configuration file /run/systemd/system/netplan-ovs-cleanup.service is marked world-inaccessible. This has no effect as configuration data is accessible via APIs without restrictions. Proceeding anyway.
Dec 03 00:42:20 home-server systemd[1]: Queued start job for default target graphical.target.
Dec 03 00:42:20 home-server systemd[1]: Created slice system-modprobe.slice - Slice /system/modprobe.
Dec 03 00:42:20 home-server systemd[1]: Created slice system-systemd\x2dfsck.slice - Slice /system/systemd-fsck.
Dec 03 00:42:20 home-server systemd[1]: Created slice user.slice - User and Session Slice.
Dec 03 00:42:20 home-server systemd[1]: Started systemd-ask-password-wall.path - Forward Password Requests to Wall Directory Watch.
Dec 03 00:42:20 home-server systemd[1]: Set up automount proc-sys-fs-binfmt_misc.automount - Arbitrary Executable File Formats File System Automount Point.
Dec 03 00:42:20 home-server systemd[1]: Expecting device dev-disk-by\x2duuid-6EAC\x2d373C.device - /dev/disk/by-uuid/6EAC-373C...
Dec 03 00:42:20 home-server systemd[1]: Expecting device dev-sda.device - /dev/sda...
Dec 03 00:42:20 home-server systemd[1]: Reached target integritysetup.target - Local Integrity Protected Volumes.
Dec 03 00:42:20 home-server systemd[1]: Reached target slices.target - Slice Units.
Dec 03 00:42:20 home-server systemd[1]: Reached target snapd.mounts-pre.target - Mounting snaps.
Dec 03 00:42:20 home-server systemd[1]: Reached target snapd.mounts.target - Mounted snaps.
Dec 03 00:42:20 home-server systemd[1]: Reached target veritysetup.target - Local Verity Protected Volumes.
Dec 03 00:42:20 home-server systemd[1]: Listening on dm-event.socket - Device-mapper event daemon FIFOs.
Dec 03 00:42:20 home-server systemd[1]: Listening on lvm2-lvmpolld.socket - LVM2 poll daemon socket.
Dec 03 00:42:20 home-server systemd[1]: Listening on multipathd.socket - multipathd control socket.
Dec 03 00:42:20 home-server systemd[1]: Listening on syslog.socket - Syslog Socket.
Dec 03 00:42:20 home-server systemd[1]: Listening on systemd-fsckd.socket - fsck to fsckd communication Socket.
Dec 03 00:42:20 home-server systemd[1]: Listening on systemd-initctl.socket - initctl Compatibility Named Pipe.
Dec 03 00:42:20 home-server systemd[1]: Listening on systemd-journald-dev-log.socket - Journal Socket (/dev/log).
Dec 03 00:42:20 home-server systemd[1]: Listening on systemd-journald.socket - Journal Socket.
Dec 03 00:42:20 home-server systemd[1]: Listening on systemd-networkd.socket - Network Service Netlink Socket.
Dec 03 00:42:20 home-server systemd[1]: systemd-pcrextend.socket - TPM2 PCR Extension (Varlink) was skipped because of an unmet condition check (ConditionSecurity=measured-uki).
Dec 03 00:42:20 home-server systemd[1]: Listening on systemd-udevd-control.socket - udev Control Socket.
Dec 03 00:42:20 home-server systemd[1]: Listening on systemd-udevd-kernel.socket - udev Kernel Socket.
Dec 03 00:42:20 home-server systemd[1]: Mounting dev-hugepages.mount - Huge Pages File System...
Dec 03 00:42:20 home-server systemd[1]: Mounting dev-mqueue.mount - POSIX Message Queue File System...
Dec 03 00:42:20 home-server systemd[1]: Mounting sys-kernel-debug.mount - Kernel Debug File System...
Dec 03 00:42:20 home-server systemd[1]: Mounting sys-kernel-tracing.mount - Kernel Trace File System...
Dec 03 00:42:20 home-server systemd[1]: Starting systemd-journald.service - Journal Service...
Dec 03 00:42:20 home-server systemd[1]: Starting keyboard-setup.service - Set the console keyboard layout...
Dec 03 00:42:20 home-server systemd[1]: Starting kmod-static-nodes.service - Create List of Static Device Nodes...
Dec 03 00:42:20 home-server systemd[1]: Starting lvm2-monitor.service - Monitoring of LVM2 mirrors, snapshots etc. using dmeventd or progress polling...
Dec 03 00:42:20 home-server systemd[1]: Starting modprobe@configfs.service - Load Kernel Module configfs...
Dec 03 00:42:20 home-server systemd[1]: Starting modprobe@dm_mod.service - Load Kernel Module dm_mod...
Dec 03 00:42:20 home-server systemd[1]: Starting modprobe@drm.service - Load Kernel Module drm...
Dec 03 00:42:20 home-server systemd[1]: Starting modprobe@efi_pstore.service - Load Kernel Module efi_pstore...
Dec 03 00:42:20 home-server systemd[1]: Starting modprobe@fuse.service - Load Kernel Module fuse...
Dec 03 00:42:20 home-server systemd[1]: Starting modprobe@loop.service - Load Kernel Module loop...
Dec 03 00:42:20 home-server systemd[1]: netplan-ovs-cleanup.service - OpenVSwitch configuration for cleanup was skipped because of an unmet condition check (ConditionFileIsExecutable=/usr/bin/ovs-vsctl).
Dec 03 00:42:20 home-server systemd[1]: systemd-fsck-root.service - File System Check on Root Device was skipped because of an unmet condition check (ConditionPathExists=!/run/initramfs/fsck-root).
Dec 03 00:42:20 home-server systemd[1]: Starting systemd-modules-load.service - Load Kernel Modules...
Dec 03 00:42:20 home-server systemd[1]: systemd-pcrmachine.service - TPM2 PCR Machine ID Measurement was skipped because of an unmet condition check (ConditionSecurity=measured-uki).
Dec 03 00:42:20 home-server kernel: pstore: Using crash dump compression: deflate
Dec 03 00:42:20 home-server systemd-journald[367]: Collecting audit messages is disabled.
Dec 03 00:42:20 home-server systemd[1]: Starting systemd-remount-fs.service - Remount Root and Kernel File Systems...
Dec 03 00:42:20 home-server systemd[1]: systemd-tpm2-setup-early.service - TPM2 SRK Setup (Early) was skipped because of an unmet condition check (ConditionSecurity=measured-uki).
Dec 03 00:42:20 home-server systemd[1]: Starting systemd-udev-trigger.service - Coldplug All udev Devices...
Dec 03 00:42:20 home-server systemd[1]: Mounted dev-hugepages.mount - Huge Pages File System.
Dec 03 00:42:20 home-server systemd[1]: Mounted dev-mqueue.mount - POSIX Message Queue File System.
Dec 03 00:42:20 home-server systemd[1]: Mounted sys-kernel-debug.mount - Kernel Debug File System.
Dec 03 00:42:20 home-server systemd[1]: Mounted sys-kernel-tracing.mount - Kernel Trace File System.
Dec 03 00:42:20 home-server systemd[1]: Finished kmod-static-nodes.service - Create List of Static Device Nodes.
Dec 03 00:42:20 home-server systemd[1]: modprobe@configfs.service: Deactivated successfully.
Dec 03 00:42:20 home-server systemd[1]: Finished modprobe@configfs.service - Load Kernel Module configfs.
Dec 03 00:42:20 home-server systemd[1]: modprobe@dm_mod.service: Deactivated successfully.
Dec 03 00:42:20 home-server systemd[1]: Finished modprobe@dm_mod.service - Load Kernel Module dm_mod.
Dec 03 00:42:20 home-server systemd[1]: modprobe@drm.service: Deactivated successfully.
Dec 03 00:42:20 home-server systemd[1]: Finished modprobe@drm.service - Load Kernel Module drm.
Dec 03 00:42:20 home-server systemd[1]: modprobe@fuse.service: Deactivated successfully.
Dec 03 00:42:20 home-server systemd[1]: Finished modprobe@fuse.service - Load Kernel Module fuse.
Dec 03 00:42:20 home-server systemd[1]: modprobe@loop.service: Deactivated successfully.
Dec 03 00:42:20 home-server systemd[1]: Finished modprobe@loop.service - Load Kernel Module loop.
Dec 03 00:42:20 home-server systemd[1]: Mounting sys-fs-fuse-connections.mount - FUSE Control File System...
Dec 03 00:42:20 home-server systemd[1]: Mounting sys-kernel-config.mount - Kernel Configuration File System...
Dec 03 00:42:20 home-server systemd[1]: systemd-repart.service - Repartition Root Disk was skipped because no trigger condition checks were met.
Dec 03 00:42:20 home-server systemd[1]: Starting systemd-tmpfiles-setup-dev-early.service - Create Static Device Nodes in /dev gracefully...
Dec 03 00:42:20 home-server systemd[1]: Mounted sys-fs-fuse-connections.mount - FUSE Control File System.
Dec 03 00:42:20 home-server kernel: EXT4-fs (nvme0n1p2): re-mounted d0395190-aae1-49a4-8699-be7e2d556956 r/w. Quota mode: none.
Dec 03 00:42:20 home-server systemd[1]: Finished systemd-remount-fs.service - Remount Root and Kernel File Systems.
Dec 03 00:42:20 home-server kernel: pstore: Registered efi_pstore as persistent store backend
Dec 03 00:42:20 home-server systemd[1]: Activating swap swap.img.swap - /swap.img...
Dec 03 00:42:20 home-server systemd[1]: Starting multipathd.service - Device-Mapper Multipath Device Controller...
Dec 03 00:42:20 home-server systemd[1]: systemd-hwdb-update.service - Rebuild Hardware Database was skipped because of an unmet condition check (ConditionNeedsUpdate=/etc).
Dec 03 00:42:20 home-server systemd[1]: Starting systemd-random-seed.service - Load/Save OS Random Seed...
Dec 03 00:42:20 home-server systemd[1]: systemd-tpm2-setup.service - TPM2 SRK Setup was skipped because of an unmet condition check (ConditionSecurity=measured-uki).
Dec 03 00:42:20 home-server systemd[1]: modprobe@efi_pstore.service: Deactivated successfully.
Dec 03 00:42:20 home-server systemd[1]: Finished modprobe@efi_pstore.service - Load Kernel Module efi_pstore.
Dec 03 00:42:20 home-server systemd[1]: Finished systemd-modules-load.service - Load Kernel Modules.
Dec 03 00:42:20 home-server systemd[1]: Mounted sys-kernel-config.mount - Kernel Configuration File System.
Dec 03 00:42:20 home-server systemd[1]: systemd-pstore.service - Platform Persistent Storage Archival was skipped because of an unmet condition check (ConditionDirectoryNotEmpty=/sys/fs/pstore).
Dec 03 00:42:20 home-server kernel: Adding 4194300k swap on /swap.img.  Priority:-2 extents:34 across:159596544k SS
Dec 03 00:42:20 home-server systemd[1]: Starting systemd-sysctl.service - Apply Kernel Variables...
Dec 03 00:42:20 home-server systemd[1]: Activated swap swap.img.swap - /swap.img.
Dec 03 00:42:20 home-server systemd[1]: Reached target swap.target - Swaps.
Dec 03 00:42:20 home-server systemd[1]: Finished systemd-random-seed.service - Load/Save OS Random Seed.
Dec 03 00:42:20 home-server systemd[1]: Finished lvm2-monitor.service - Monitoring of LVM2 mirrors, snapshots etc. using dmeventd or progress polling.
Dec 03 00:42:20 home-server systemd[1]: Finished systemd-tmpfiles-setup-dev-early.service - Create Static Device Nodes in /dev gracefully.
Dec 03 00:42:20 home-server systemd[1]: systemd-sysusers.service - Create System Users was skipped because no trigger condition checks were met.
Dec 03 00:42:20 home-server systemd-journald[367]: Journal started
Dec 03 00:42:20 home-server systemd-journald[367]: Runtime Journal (/run/log/journal/a590332448a64ade8fc15dfb33d9e34e) is 8.0M, max 77.8M, 69.8M free.
Dec 03 00:42:20 home-server systemd-modules-load[384]: Inserted module 'msr'
Dec 03 00:42:20 home-server systemd-modules-load[384]: Inserted module 'dm_multipath'
Dec 03 00:42:20 home-server systemd[1]: Starting systemd-tmpfiles-setup-dev.service - Create Static Device Nodes in /dev...
Dec 03 00:42:20 home-server systemd[1]: Started systemd-journald.service - Journal Service.
Dec 03 00:42:20 home-server systemd[1]: Finished keyboard-setup.service - Set the console keyboard layout.
Dec 03 00:42:20 home-server systemd[1]: Finished systemd-sysctl.service - Apply Kernel Variables.
Dec 03 00:42:20 home-server multipathd[402]: multipathd v0.9.4: start up
Dec 03 00:42:20 home-server multipathd[402]: reconfigure: setting up paths and maps
Dec 03 00:42:20 home-server systemd[1]: Finished systemd-tmpfiles-setup-dev.service - Create Static Device Nodes in /dev.
Dec 03 00:42:20 home-server systemd[1]: Starting systemd-journal-flush.service - Flush Journal to Persistent Storage...
Dec 03 00:42:20 home-server systemd[1]: Starting systemd-udevd.service - Rule-based Manager for Device Events and Files...
Dec 03 00:42:20 home-server systemd[1]: Started multipathd.service - Device-Mapper Multipath Device Controller.
